#
# There is insufficient memory for the Java Runtime Environment to continue.
# Native memory allocation (malloc) failed to allocate 319632 bytes. Error detail: Chunk::new
# Possible reasons:
#   The system is out of physical RAM or swap space
#   This process is running with CompressedOops enabled, and the Java Heap may be blocking the growth of the native heap
# Possible solutions:
#   Reduce memory load on the system
#   Increase physical memory or swap space
#   Check if swap backing store is full
#   Decrease Java heap size (-Xmx/-Xms)
#   Decrease number of Java threads
#   Decrease Java thread stack sizes (-Xss)
#   Set larger code cache with -XX:ReservedCodeCacheSize=
#   JVM is running with Zero Based Compressed Oops mode in which the Java heap is
#     placed in the first 32GB address space. The Java Heap base address is the
#     maximum limit for the native heap growth. Please use -XX:HeapBaseMinAddress
#     to set the Java Heap base and to place the Java Heap above 32GB virtual address.
# This output file may be truncated or incomplete.
#
#  Out of Memory Error (arena.cpp:150), pid=12672, tid=20924
#
# JRE version: OpenJDK Runtime Environment (22.0+36) (build 22+36-2370)
# Java VM: OpenJDK 64-Bit Server VM (22+36-2370, mixed mode, sharing, tiered, compressed oops, compressed class ptrs, g1 gc, windows-amd64)
# No core dump will be written. Minidumps are not enabled by default on client versions of Windows
#

---------------  S U M M A R Y ------------

Command Line: -ea --enable-preview -Didea.test.cyclic.buffer.size=1048576 -javaagent:C:\Users\61169\AppData\Local\JetBrains\IntelliJ IDEA Community Edition 2023.3.6\lib\idea_rt.jar=52023:C:\Users\61169\AppData\Local\JetBrains\IntelliJ IDEA Community Edition 2023.3.6\bin -Dfile.encoding=UTF-8 -Dsun.stdout.encoding=UTF-8 -Dsun.stderr.encoding=UTF-8 com.intellij.rt.testng.RemoteTestNGStarter -usedefaultlisteners false -socket52022 @w@C:\Users\61169\AppData\Local\Temp\idea_working_dirs_testng.tmp -temp C:\Users\61169\AppData\Local\Temp\idea_testng.tmp

Host: 11th Gen Intel(R) Core(TM) i5-1135G7 @ 2.40GHz, 8 cores, 15G,  Windows 11 , 64 bit Build 22621 (10.0.22621.5415)
Time: Thu Nov 13 23:24:37 2025 India Standard Time elapsed time: 29.145246 seconds (0d 0h 0m 29s)

---------------  T H R E A D  ---------------

Current thread (0x00000156d1968a00):  JavaThread "C2 CompilerThread0" daemon [_thread_in_native, id=20924, stack(0x0000000612a00000,0x0000000612b00000) (1024K)]


Current CompileTask:
C2:29146 2549       4       sun.util.locale.BaseLocale::getInstance (150 bytes)

Stack: [0x0000000612a00000,0x0000000612b00000]
Native frames: (J=compiled Java code, j=interpreted, Vv=VM code, C=native code)
V  [jvm.dll+0x6e2349]  (no source info available)
V  [jvm.dll+0x874ed3]  (no source info available)
V  [jvm.dll+0x8772fe]  (no source info available)
V  [jvm.dll+0x8779d3]  (no source info available)
V  [jvm.dll+0x27fcb6]  (no source info available)
V  [jvm.dll+0xc3d0f]  (no source info available)
V  [jvm.dll+0xc3f6b]  (no source info available)
V  [jvm.dll+0x3bb05c]  (no source info available)
V  [jvm.dll+0x1df66c]  (no source info available)
V  [jvm.dll+0x247a4c]  (no source info available)
V  [jvm.dll+0x246faf]  (no source info available)
V  [jvm.dll+0x1c4e90]  (no source info available)
V  [jvm.dll+0x25699e]  (no source info available)
V  [jvm.dll+0x254c5a]  (no source info available)
V  [jvm.dll+0x3f5426]  (no source info available)
V  [jvm.dll+0x81d50b]  (no source info available)
V  [jvm.dll+0x6e09e5]  (no source info available)
C  [ucrtbase.dll+0x29333]  (no source info available)
C  [KERNEL32.DLL+0x1259d]  (no source info available)
C  [ntdll.dll+0x5af78]  (no source info available)


---------------  P R O C E S S  ---------------

Threads class SMR info:
_java_thread_list=0x00000157182ee730, length=26, elements={
0x00000156b057ab60, 0x00000156d13fbd10, 0x00000156d13fcd20, 0x00000156d1954b10,
0x00000156d1955c10, 0x00000156d19588a0, 0x00000156d1961400, 0x00000156d1968a00,
0x00000156d19696d0, 0x00000156d1a213c0, 0x00000156d1badc90, 0x00000156d1bb0f00,
0x0000015717fee310, 0x000001571823f070, 0x00000157181e2010, 0x00000157181e2680,
0x0000015718b0aeb0, 0x0000015718b0cf80, 0x0000015718b0c260, 0x0000015718b0bbd0,
0x0000015718b0c8f0, 0x0000015718b0d610, 0x0000015718b0a190, 0x0000015718b0a820,
0x0000015717e8b630, 0x0000015717e8bcc0
}

Java Threads: ( => current thread )
  0x00000156b057ab60 JavaThread "main"                              [_thread_in_vm, id=11668, stack(0x0000000611c00000,0x0000000611d00000) (1024K)]
  0x00000156d13fbd10 JavaThread "Reference Handler"          daemon [_thread_blocked, id=18616, stack(0x0000000612400000,0x0000000612500000) (1024K)]
  0x00000156d13fcd20 JavaThread "Finalizer"                  daemon [_thread_blocked, id=3568, stack(0x0000000612500000,0x0000000612600000) (1024K)]
  0x00000156d1954b10 JavaThread "Signal Dispatcher"          daemon [_thread_blocked, id=26912, stack(0x0000000612600000,0x0000000612700000) (1024K)]
  0x00000156d1955c10 JavaThread "Attach Listener"            daemon [_thread_blocked, id=30212, stack(0x0000000612700000,0x0000000612800000) (1024K)]
  0x00000156d19588a0 JavaThread "Service Thread"             daemon [_thread_blocked, id=22188, stack(0x0000000612800000,0x0000000612900000) (1024K)]
  0x00000156d1961400 JavaThread "Monitor Deflation Thread"   daemon [_thread_blocked, id=29272, stack(0x0000000612900000,0x0000000612a00000) (1024K)]
=>0x00000156d1968a00 JavaThread "C2 CompilerThread0"         daemon [_thread_in_native, id=20924, stack(0x0000000612a00000,0x0000000612b00000) (1024K)]
  0x00000156d19696d0 JavaThread "C1 CompilerThread0"         daemon [_thread_blocked, id=25604, stack(0x0000000612b00000,0x0000000612c00000) (1024K)]
  0x00000156d1a213c0 JavaThread "Common-Cleaner"             daemon [_thread_blocked, id=4748, stack(0x0000000612c00000,0x0000000612d00000) (1024K)]
  0x00000156d1badc90 JavaThread "Monitor Ctrl-Break"         daemon [_thread_in_native, id=32040, stack(0x0000000612e00000,0x0000000612f00000) (1024K)]
  0x00000156d1bb0f00 JavaThread "Notification Thread"        daemon [_thread_blocked, id=32056, stack(0x0000000612f00000,0x0000000613000000) (1024K)]
  0x0000015717fee310 JavaThread "HttpClient-1-SelectorManager" daemon [_thread_in_native, id=26892, stack(0x0000000613800000,0x0000000613900000) (1024K)]
  0x000001571823f070 JavaThread "External Process Output Forwarder - C:\Users\61169\.cache\selenium\chromedriver\win64\142.0.7444.162\chromedriver.exe" daemon [_thread_in_native, id=26688, stack(0x0000000613900000,0x0000000613a00000) (1024K)]
  0x00000157181e2010 JavaThread "Driver Service Executor"    daemon [_thread_blocked, id=10312, stack(0x0000000613a00000,0x0000000613b00000) (1024K)]
  0x00000157181e2680 JavaThread "Driver Service Executor"    daemon [_thread_blocked, id=22976, stack(0x0000000613b00000,0x0000000613c00000) (1024K)]
  0x0000015718b0aeb0 JavaThread "UrlChecker-2"               daemon [_thread_blocked, id=15028, stack(0x0000000613c00000,0x0000000613d00000) (1024K)]
  0x0000015718b0cf80 JavaThread "JdkHttpClient-0-0"          daemon [_thread_blocked, id=9964, stack(0x0000000613e00000,0x0000000613f00000) (1024K)]
  0x0000015718b0c260 JavaThread "CompletableFutureDelayScheduler" daemon [_thread_blocked, id=20060, stack(0x0000000613f00000,0x0000000614000000) (1024K)]
  0x0000015718b0bbd0 JavaThread "JdkHttpClient-0-1"          daemon [_thread_blocked, id=20748, stack(0x0000000614000000,0x0000000614100000) (1024K)]
  0x0000015718b0c8f0 JavaThread "JdkHttpClient-0-2"          daemon [_thread_blocked, id=6624, stack(0x0000000614100000,0x0000000614200000) (1024K)]
  0x0000015718b0d610 JavaThread "JdkHttpClient-0-3"          daemon [_thread_blocked, id=18184, stack(0x0000000614200000,0x0000000614300000) (1024K)]
  0x0000015718b0a190 JavaThread "HttpClient-2-SelectorManager" daemon [_thread_in_native, id=28604, stack(0x0000000614300000,0x0000000614400000) (1024K)]
  0x0000015718b0a820 JavaThread "JdkHttpClient-1-0"          daemon [_thread_blocked, id=3416, stack(0x0000000614400000,0x0000000614500000) (1024K)]
  0x0000015717e8b630 JavaThread "JdkHttpClient-1-1"          daemon [_thread_blocked, id=32200, stack(0x0000000614500000,0x0000000614600000) (1024K)]
  0x0000015717e8bcc0 JavaThread "JdkHttpClient-1-2"          daemon [_thread_blocked, id=9380, stack(0x0000000614600000,0x0000000614700000) (1024K)]
Total: 26

Other Threads:
  0x00000156d13e3ab0 VMThread "VM Thread"                           [id=6248, stack(0x0000000612300000,0x0000000612400000) (1024K)]
  0x00000156d13cbfe0 WatcherThread "VM Periodic Task Thread"        [id=26628, stack(0x0000000612200000,0x0000000612300000) (1024K)]
  0x00000156b28f1470 WorkerThread "GC Thread#0"                     [id=1380, stack(0x0000000611d00000,0x0000000611e00000) (1024K)]
  0x0000015717bc5050 WorkerThread "GC Thread#1"                     [id=16236, stack(0x0000000613000000,0x0000000613100000) (1024K)]
  0x0000015717bc57b0 WorkerThread "GC Thread#2"                     [id=29536, stack(0x0000000613100000,0x0000000613200000) (1024K)]
  0x0000015717bc5400 WorkerThread "GC Thread#3"                     [id=22124, stack(0x0000000613200000,0x0000000613300000) (1024K)]
  0x0000015717bc5b60 WorkerThread "GC Thread#4"                     [id=29632, stack(0x0000000613300000,0x0000000613400000) (1024K)]
  0x0000015717bc4540 WorkerThread "GC Thread#5"                     [id=25744, stack(0x0000000613400000,0x0000000613500000) (1024K)]
  0x0000015717bc5f10 WorkerThread "GC Thread#6"                     [id=14956, stack(0x0000000613500000,0x0000000613600000) (1024K)]
  0x0000015717bc48f0 WorkerThread "GC Thread#7"                     [id=18752, stack(0x0000000613600000,0x0000000613700000) (1024K)]
  0x00000156b2903440 ConcurrentGCThread "G1 Main Marker"            [id=9712, stack(0x0000000611e00000,0x0000000611f00000) (1024K)]
  0x00000156b2905110 WorkerThread "G1 Conc#0"                       [id=28760, stack(0x0000000611f00000,0x0000000612000000) (1024K)]
  0x00000156b293e920 ConcurrentGCThread "G1 Refine#0"               [id=30032, stack(0x0000000612000000,0x0000000612100000) (1024K)]
  0x00000156d12a15c0 ConcurrentGCThread "G1 Service"                [id=16732, stack(0x0000000612100000,0x0000000612200000) (1024K)]
Total: 14

Threads with active compile tasks:
C2 CompilerThread0  29381 2549       4       sun.util.locale.BaseLocale::getInstance (150 bytes)
Total: 1

VM state: not at safepoint (normal execution)

VM Mutex/Monitor currently owned by a thread:  ([mutex/lock_event])
[0x00007ffd17c0ab48] Metaspace_lock - owner thread: 0x00000156b057ab60

Heap address: 0x0000000704200000, size: 4030 MB, Compressed Oops mode: Zero based, Oop shift amount: 3

CDS archive(s) mapped at: [0x00000156d2000000-0x00000156d2c50000-0x00000156d2c50000), size 12910592, SharedBaseAddress: 0x00000156d2000000, ArchiveRelocationMode: 1.
Compressed class space mapped at: 0x00000156d3000000-0x0000015713000000, reserved size: 1073741824
Narrow klass base: 0x00000156d2000000, Narrow klass shift: 0, Narrow klass range: 0x41000000

GC Precious Log:
 CardTable entry size: 512
 Card Set container configuration: InlinePtr #cards 4 size 8 Array Of Cards #cards 16 size 48 Howl #buckets 8 coarsen threshold 3686 Howl Bitmap #cards 512 size 80 coarsen threshold 460 Card regions per heap region 1 cards per card region 4096
 CPUs: 8 total, 8 available
 Memory: 16112M
 Large Page Support: Disabled
 NUMA Support: Disabled
 Compressed Oops: Enabled (Zero based)
 Heap Region Size: 2M
 Heap Min Capacity: 8M
 Heap Initial Capacity: 252M
 Heap Max Capacity: 4030M
 Pre-touch: Disabled
 Parallel Workers: 8
 Concurrent Workers: 2
 Concurrent Refinement Workers: 8
 Periodic GC: Disabled

Heap:
 garbage-first heap   total reserved 4126720K, committed 258048K, used 20661K [0x0000000704200000, 0x0000000800000000)
  region size 2048K, 7 young (14336K), 2 survivors (4096K)
 Metaspace       used 19784K, committed 20224K, reserved 1114112K
  class space    used 2416K, committed 2624K, reserved 1048576K

Heap Regions: E=young(eden), S=young(survivor), O=old, HS=humongous(starts), HC=humongous(continues), CS=collection set, F=free, TAMS=top-at-mark-start, PB=parsable bottom
|   0|0x0000000704200000, 0x0000000704400000, 0x0000000704400000|100%|HS|  |TAMS 0x0000000704200000| PB 0x0000000704200000| Complete |  0
|   1|0x0000000704400000, 0x0000000704600000, 0x0000000704600000|100%| O|  |TAMS 0x0000000704400000| PB 0x0000000704400000| Untracked |  0
|   2|0x0000000704600000, 0x0000000704800000, 0x0000000704800000|100%| O|  |TAMS 0x0000000704600000| PB 0x0000000704600000| Untracked |  0
|   3|0x0000000704800000, 0x0000000704a00000, 0x0000000704a00000|100%| O|  |TAMS 0x0000000704800000| PB 0x0000000704800000| Untracked |  0
|   4|0x0000000704a00000, 0x0000000704c00000, 0x0000000704c00000|100%| O|  |TAMS 0x0000000704a00000| PB 0x0000000704a00000| Untracked |  0
|   5|0x0000000704c00000, 0x0000000704c8ceb8, 0x0000000704e00000| 27%| O|  |TAMS 0x0000000704c00000| PB 0x0000000704c00000| Untracked |  0
|   6|0x0000000704e00000, 0x0000000704e00000, 0x0000000705000000|  0%| F|  |TAMS 0x0000000704e00000| PB 0x0000000704e00000| Untracked |  0
|   7|0x0000000705000000, 0x0000000705000000, 0x0000000705200000|  0%| F|  |TAMS 0x0000000705000000| PB 0x0000000705000000| Untracked |  0
|   8|0x0000000705200000, 0x0000000705200000, 0x0000000705400000|  0%| F|  |TAMS 0x0000000705200000| PB 0x0000000705200000| Untracked |  0
|   9|0x0000000705400000, 0x0000000705400000, 0x0000000705600000|  0%| F|  |TAMS 0x0000000705400000| PB 0x0000000705400000| Untracked |  0
|  10|0x0000000705600000, 0x0000000705600000, 0x0000000705800000|  0%| F|  |TAMS 0x0000000705600000| PB 0x0000000705600000| Untracked |  0
|  11|0x0000000705800000, 0x0000000705800000, 0x0000000705a00000|  0%| F|  |TAMS 0x0000000705800000| PB 0x0000000705800000| Untracked |  0
|  12|0x0000000705a00000, 0x0000000705a00000, 0x0000000705c00000|  0%| F|  |TAMS 0x0000000705a00000| PB 0x0000000705a00000| Untracked |  0
|  13|0x0000000705c00000, 0x0000000705c00000, 0x0000000705e00000|  0%| F|  |TAMS 0x0000000705c00000| PB 0x0000000705c00000| Untracked |  0
|  14|0x0000000705e00000, 0x0000000705e00000, 0x0000000706000000|  0%| F|  |TAMS 0x0000000705e00000| PB 0x0000000705e00000| Untracked |  0
|  15|0x0000000706000000, 0x0000000706000000, 0x0000000706200000|  0%| F|  |TAMS 0x0000000706000000| PB 0x0000000706000000| Untracked |  0
|  16|0x0000000706200000, 0x0000000706200000, 0x0000000706400000|  0%| F|  |TAMS 0x0000000706200000| PB 0x0000000706200000| Untracked |  0
|  17|0x0000000706400000, 0x0000000706400000, 0x0000000706600000|  0%| F|  |TAMS 0x0000000706400000| PB 0x0000000706400000| Untracked |  0
|  18|0x0000000706600000, 0x0000000706600000, 0x0000000706800000|  0%| F|  |TAMS 0x0000000706600000| PB 0x0000000706600000| Untracked |  0
|  19|0x0000000706800000, 0x0000000706800000, 0x0000000706a00000|  0%| F|  |TAMS 0x0000000706800000| PB 0x0000000706800000| Untracked |  0
|  20|0x0000000706a00000, 0x0000000706a00000, 0x0000000706c00000|  0%| F|  |TAMS 0x0000000706a00000| PB 0x0000000706a00000| Untracked |  0
|  21|0x0000000706c00000, 0x0000000706c00000, 0x0000000706e00000|  0%| F|  |TAMS 0x0000000706c00000| PB 0x0000000706c00000| Untracked |  0
|  22|0x0000000706e00000, 0x0000000706e00000, 0x0000000707000000|  0%| F|  |TAMS 0x0000000706e00000| PB 0x0000000706e00000| Untracked |  0
|  23|0x0000000707000000, 0x0000000707000000, 0x0000000707200000|  0%| F|  |TAMS 0x0000000707000000| PB 0x0000000707000000| Untracked |  0
|  24|0x0000000707200000, 0x0000000707200000, 0x0000000707400000|  0%| F|  |TAMS 0x0000000707200000| PB 0x0000000707200000| Untracked |  0
|  25|0x0000000707400000, 0x0000000707400000, 0x0000000707600000|  0%| F|  |TAMS 0x0000000707400000| PB 0x0000000707400000| Untracked |  0
|  26|0x0000000707600000, 0x0000000707600000, 0x0000000707800000|  0%| F|  |TAMS 0x0000000707600000| PB 0x0000000707600000| Untracked |  0
|  27|0x0000000707800000, 0x0000000707800000, 0x0000000707a00000|  0%| F|  |TAMS 0x0000000707800000| PB 0x0000000707800000| Untracked |  0
|  28|0x0000000707a00000, 0x0000000707a00000, 0x0000000707c00000|  0%| F|  |TAMS 0x0000000707a00000| PB 0x0000000707a00000| Untracked |  0
|  29|0x0000000707c00000, 0x0000000707c00000, 0x0000000707e00000|  0%| F|  |TAMS 0x0000000707c00000| PB 0x0000000707c00000| Untracked |  0
|  30|0x0000000707e00000, 0x0000000707e00000, 0x0000000708000000|  0%| F|  |TAMS 0x0000000707e00000| PB 0x0000000707e00000| Untracked |  0
|  31|0x0000000708000000, 0x0000000708000000, 0x0000000708200000|  0%| F|  |TAMS 0x0000000708000000| PB 0x0000000708000000| Untracked |  0
|  32|0x0000000708200000, 0x0000000708200000, 0x0000000708400000|  0%| F|  |TAMS 0x0000000708200000| PB 0x0000000708200000| Untracked |  0
|  33|0x0000000708400000, 0x0000000708400000, 0x0000000708600000|  0%| F|  |TAMS 0x0000000708400000| PB 0x0000000708400000| Untracked |  0
|  34|0x0000000708600000, 0x0000000708600000, 0x0000000708800000|  0%| F|  |TAMS 0x0000000708600000| PB 0x0000000708600000| Untracked |  0
|  35|0x0000000708800000, 0x0000000708800000, 0x0000000708a00000|  0%| F|  |TAMS 0x0000000708800000| PB 0x0000000708800000| Untracked |  0
|  36|0x0000000708a00000, 0x0000000708a00000, 0x0000000708c00000|  0%| F|  |TAMS 0x0000000708a00000| PB 0x0000000708a00000| Untracked |  0
|  37|0x0000000708c00000, 0x0000000708c00000, 0x0000000708e00000|  0%| F|  |TAMS 0x0000000708c00000| PB 0x0000000708c00000| Untracked |  0
|  38|0x0000000708e00000, 0x0000000708e00000, 0x0000000709000000|  0%| F|  |TAMS 0x0000000708e00000| PB 0x0000000708e00000| Untracked |  0
|  39|0x0000000709000000, 0x0000000709000000, 0x0000000709200000|  0%| F|  |TAMS 0x0000000709000000| PB 0x0000000709000000| Untracked |  0
|  40|0x0000000709200000, 0x0000000709200000, 0x0000000709400000|  0%| F|  |TAMS 0x0000000709200000| PB 0x0000000709200000| Untracked |  0
|  41|0x0000000709400000, 0x0000000709400000, 0x0000000709600000|  0%| F|  |TAMS 0x0000000709400000| PB 0x0000000709400000| Untracked |  0
|  42|0x0000000709600000, 0x0000000709600000, 0x0000000709800000|  0%| F|  |TAMS 0x0000000709600000| PB 0x0000000709600000| Untracked |  0
|  43|0x0000000709800000, 0x0000000709800000, 0x0000000709a00000|  0%| F|  |TAMS 0x0000000709800000| PB 0x0000000709800000| Untracked |  0
|  44|0x0000000709a00000, 0x0000000709a00000, 0x0000000709c00000|  0%| F|  |TAMS 0x0000000709a00000| PB 0x0000000709a00000| Untracked |  0
|  45|0x0000000709c00000, 0x0000000709c00000, 0x0000000709e00000|  0%| F|  |TAMS 0x0000000709c00000| PB 0x0000000709c00000| Untracked |  0
|  46|0x0000000709e00000, 0x0000000709e00000, 0x000000070a000000|  0%| F|  |TAMS 0x0000000709e00000| PB 0x0000000709e00000| Untracked |  0
|  47|0x000000070a000000, 0x000000070a000000, 0x000000070a200000|  0%| F|  |TAMS 0x000000070a000000| PB 0x000000070a000000| Untracked |  0
|  48|0x000000070a200000, 0x000000070a200000, 0x000000070a400000|  0%| F|  |TAMS 0x000000070a200000| PB 0x000000070a200000| Untracked |  0
|  49|0x000000070a400000, 0x000000070a400000, 0x000000070a600000|  0%| F|  |TAMS 0x000000070a400000| PB 0x000000070a400000| Untracked |  0
|  50|0x000000070a600000, 0x000000070a600000, 0x000000070a800000|  0%| F|  |TAMS 0x000000070a600000| PB 0x000000070a600000| Untracked |  0
|  51|0x000000070a800000, 0x000000070a800000, 0x000000070aa00000|  0%| F|  |TAMS 0x000000070a800000| PB 0x000000070a800000| Untracked |  0
|  52|0x000000070aa00000, 0x000000070aa00000, 0x000000070ac00000|  0%| F|  |TAMS 0x000000070aa00000| PB 0x000000070aa00000| Untracked |  0
|  53|0x000000070ac00000, 0x000000070ac00000, 0x000000070ae00000|  0%| F|  |TAMS 0x000000070ac00000| PB 0x000000070ac00000| Untracked |  0
|  54|0x000000070ae00000, 0x000000070ae00000, 0x000000070b000000|  0%| F|  |TAMS 0x000000070ae00000| PB 0x000000070ae00000| Untracked |  0
|  55|0x000000070b000000, 0x000000070b000000, 0x000000070b200000|  0%| F|  |TAMS 0x000000070b000000| PB 0x000000070b000000| Untracked |  0
|  56|0x000000070b200000, 0x000000070b200000, 0x000000070b400000|  0%| F|  |TAMS 0x000000070b200000| PB 0x000000070b200000| Untracked |  0
|  57|0x000000070b400000, 0x000000070b400000, 0x000000070b600000|  0%| F|  |TAMS 0x000000070b400000| PB 0x000000070b400000| Untracked |  0
|  58|0x000000070b600000, 0x000000070b600000, 0x000000070b800000|  0%| F|  |TAMS 0x000000070b600000| PB 0x000000070b600000| Untracked |  0
|  59|0x000000070b800000, 0x000000070b800000, 0x000000070ba00000|  0%| F|  |TAMS 0x000000070b800000| PB 0x000000070b800000| Untracked |  0
|  60|0x000000070ba00000, 0x000000070ba00000, 0x000000070bc00000|  0%| F|  |TAMS 0x000000070ba00000| PB 0x000000070ba00000| Untracked |  0
|  61|0x000000070bc00000, 0x000000070bc00000, 0x000000070be00000|  0%| F|  |TAMS 0x000000070bc00000| PB 0x000000070bc00000| Untracked |  0
|  62|0x000000070be00000, 0x000000070be00000, 0x000000070c000000|  0%| F|  |TAMS 0x000000070be00000| PB 0x000000070be00000| Untracked |  0
|  63|0x000000070c000000, 0x000000070c000000, 0x000000070c200000|  0%| F|  |TAMS 0x000000070c000000| PB 0x000000070c000000| Untracked |  0
|  64|0x000000070c200000, 0x000000070c200000, 0x000000070c400000|  0%| F|  |TAMS 0x000000070c200000| PB 0x000000070c200000| Untracked |  0
|  65|0x000000070c400000, 0x000000070c400000, 0x000000070c600000|  0%| F|  |TAMS 0x000000070c400000| PB 0x000000070c400000| Untracked |  0
|  66|0x000000070c600000, 0x000000070c600000, 0x000000070c800000|  0%| F|  |TAMS 0x000000070c600000| PB 0x000000070c600000| Untracked |  0
|  67|0x000000070c800000, 0x000000070c800000, 0x000000070ca00000|  0%| F|  |TAMS 0x000000070c800000| PB 0x000000070c800000| Untracked |  0
|  68|0x000000070ca00000, 0x000000070ca00000, 0x000000070cc00000|  0%| F|  |TAMS 0x000000070ca00000| PB 0x000000070ca00000| Untracked |  0
|  69|0x000000070cc00000, 0x000000070cc00000, 0x000000070ce00000|  0%| F|  |TAMS 0x000000070cc00000| PB 0x000000070cc00000| Untracked |  0
|  70|0x000000070ce00000, 0x000000070ce00000, 0x000000070d000000|  0%| F|  |TAMS 0x000000070ce00000| PB 0x000000070ce00000| Untracked |  0
|  71|0x000000070d000000, 0x000000070d000000, 0x000000070d200000|  0%| F|  |TAMS 0x000000070d000000| PB 0x000000070d000000| Untracked |  0
|  72|0x000000070d200000, 0x000000070d200000, 0x000000070d400000|  0%| F|  |TAMS 0x000000070d200000| PB 0x000000070d200000| Untracked |  0
|  73|0x000000070d400000, 0x000000070d400000, 0x000000070d600000|  0%| F|  |TAMS 0x000000070d400000| PB 0x000000070d400000| Untracked |  0
|  74|0x000000070d600000, 0x000000070d600000, 0x000000070d800000|  0%| F|  |TAMS 0x000000070d600000| PB 0x000000070d600000| Untracked |  0
|  75|0x000000070d800000, 0x000000070d800000, 0x000000070da00000|  0%| F|  |TAMS 0x000000070d800000| PB 0x000000070d800000| Untracked |  0
|  76|0x000000070da00000, 0x000000070da00000, 0x000000070dc00000|  0%| F|  |TAMS 0x000000070da00000| PB 0x000000070da00000| Untracked |  0
|  77|0x000000070dc00000, 0x000000070dc00000, 0x000000070de00000|  0%| F|  |TAMS 0x000000070dc00000| PB 0x000000070dc00000| Untracked |  0
|  78|0x000000070de00000, 0x000000070de00000, 0x000000070e000000|  0%| F|  |TAMS 0x000000070de00000| PB 0x000000070de00000| Untracked |  0
|  79|0x000000070e000000, 0x000000070e000000, 0x000000070e200000|  0%| F|  |TAMS 0x000000070e000000| PB 0x000000070e000000| Untracked |  0
|  80|0x000000070e200000, 0x000000070e200000, 0x000000070e400000|  0%| F|  |TAMS 0x000000070e200000| PB 0x000000070e200000| Untracked |  0
|  81|0x000000070e400000, 0x000000070e400000, 0x000000070e600000|  0%| F|  |TAMS 0x000000070e400000| PB 0x000000070e400000| Untracked |  0
|  82|0x000000070e600000, 0x000000070e600000, 0x000000070e800000|  0%| F|  |TAMS 0x000000070e600000| PB 0x000000070e600000| Untracked |  0
|  83|0x000000070e800000, 0x000000070e800000, 0x000000070ea00000|  0%| F|  |TAMS 0x000000070e800000| PB 0x000000070e800000| Untracked |  0
|  84|0x000000070ea00000, 0x000000070ea00000, 0x000000070ec00000|  0%| F|  |TAMS 0x000000070ea00000| PB 0x000000070ea00000| Untracked |  0
|  85|0x000000070ec00000, 0x000000070ec00000, 0x000000070ee00000|  0%| F|  |TAMS 0x000000070ec00000| PB 0x000000070ec00000| Untracked |  0
|  86|0x000000070ee00000, 0x000000070ee00000, 0x000000070f000000|  0%| F|  |TAMS 0x000000070ee00000| PB 0x000000070ee00000| Untracked |  0
|  87|0x000000070f000000, 0x000000070f000000, 0x000000070f200000|  0%| F|  |TAMS 0x000000070f000000| PB 0x000000070f000000| Untracked |  0
|  88|0x000000070f200000, 0x000000070f200000, 0x000000070f400000|  0%| F|  |TAMS 0x000000070f200000| PB 0x000000070f200000| Untracked |  0
|  89|0x000000070f400000, 0x000000070f400000, 0x000000070f600000|  0%| F|  |TAMS 0x000000070f400000| PB 0x000000070f400000| Untracked |  0
|  90|0x000000070f600000, 0x000000070f600000, 0x000000070f800000|  0%| F|  |TAMS 0x000000070f600000| PB 0x000000070f600000| Untracked |  0
|  91|0x000000070f800000, 0x000000070f800000, 0x000000070fa00000|  0%| F|  |TAMS 0x000000070f800000| PB 0x000000070f800000| Untracked |  0
|  92|0x000000070fa00000, 0x000000070fa00000, 0x000000070fc00000|  0%| F|  |TAMS 0x000000070fa00000| PB 0x000000070fa00000| Untracked |  0
|  93|0x000000070fc00000, 0x000000070fc00000, 0x000000070fe00000|  0%| F|  |TAMS 0x000000070fc00000| PB 0x000000070fc00000| Untracked |  0
|  94|0x000000070fe00000, 0x000000070fe00000, 0x0000000710000000|  0%| F|  |TAMS 0x000000070fe00000| PB 0x000000070fe00000| Untracked |  0
|  95|0x0000000710000000, 0x0000000710000000, 0x0000000710200000|  0%| F|  |TAMS 0x0000000710000000| PB 0x0000000710000000| Untracked |  0
|  96|0x0000000710200000, 0x0000000710200000, 0x0000000710400000|  0%| F|  |TAMS 0x0000000710200000| PB 0x0000000710200000| Untracked |  0
|  97|0x0000000710400000, 0x0000000710400000, 0x0000000710600000|  0%| F|  |TAMS 0x0000000710400000| PB 0x0000000710400000| Untracked |  0
|  98|0x0000000710600000, 0x0000000710600000, 0x0000000710800000|  0%| F|  |TAMS 0x0000000710600000| PB 0x0000000710600000| Untracked |  0
|  99|0x0000000710800000, 0x0000000710800000, 0x0000000710a00000|  0%| F|  |TAMS 0x0000000710800000| PB 0x0000000710800000| Untracked |  0
| 100|0x0000000710a00000, 0x0000000710a00000, 0x0000000710c00000|  0%| F|  |TAMS 0x0000000710a00000| PB 0x0000000710a00000| Untracked |  0
| 101|0x0000000710c00000, 0x0000000710c00000, 0x0000000710e00000|  0%| F|  |TAMS 0x0000000710c00000| PB 0x0000000710c00000| Untracked |  0
| 102|0x0000000710e00000, 0x0000000710e00000, 0x0000000711000000|  0%| F|  |TAMS 0x0000000710e00000| PB 0x0000000710e00000| Untracked |  0
| 103|0x0000000711000000, 0x0000000711000000, 0x0000000711200000|  0%| F|  |TAMS 0x0000000711000000| PB 0x0000000711000000| Untracked |  0
| 104|0x0000000711200000, 0x0000000711200000, 0x0000000711400000|  0%| F|  |TAMS 0x0000000711200000| PB 0x0000000711200000| Untracked |  0
| 105|0x0000000711400000, 0x0000000711400000, 0x0000000711600000|  0%| F|  |TAMS 0x0000000711400000| PB 0x0000000711400000| Untracked |  0
| 106|0x0000000711600000, 0x0000000711600000, 0x0000000711800000|  0%| F|  |TAMS 0x0000000711600000| PB 0x0000000711600000| Untracked |  0
| 107|0x0000000711800000, 0x0000000711800000, 0x0000000711a00000|  0%| F|  |TAMS 0x0000000711800000| PB 0x0000000711800000| Untracked |  0
| 108|0x0000000711a00000, 0x0000000711a00000, 0x0000000711c00000|  0%| F|  |TAMS 0x0000000711a00000| PB 0x0000000711a00000| Untracked |  0
| 109|0x0000000711c00000, 0x0000000711da05b0, 0x0000000711e00000| 81%| S|CS|TAMS 0x0000000711c00000| PB 0x0000000711c00000| Complete |  0
| 110|0x0000000711e00000, 0x0000000712000000, 0x0000000712000000|100%| S|CS|TAMS 0x0000000711e00000| PB 0x0000000711e00000| Complete |  0
| 111|0x0000000712000000, 0x0000000712000000, 0x0000000712200000|  0%| F|  |TAMS 0x0000000712000000| PB 0x0000000712000000| Untracked |  0
| 112|0x0000000712200000, 0x0000000712200000, 0x0000000712400000|  0%| F|  |TAMS 0x0000000712200000| PB 0x0000000712200000| Untracked |  0
| 113|0x0000000712400000, 0x0000000712400000, 0x0000000712600000|  0%| F|  |TAMS 0x0000000712400000| PB 0x0000000712400000| Untracked |  0
| 114|0x0000000712600000, 0x0000000712600000, 0x0000000712800000|  0%| F|  |TAMS 0x0000000712600000| PB 0x0000000712600000| Untracked |  0
| 115|0x0000000712800000, 0x0000000712800000, 0x0000000712a00000|  0%| F|  |TAMS 0x0000000712800000| PB 0x0000000712800000| Untracked |  0
| 116|0x0000000712a00000, 0x0000000712a00000, 0x0000000712c00000|  0%| F|  |TAMS 0x0000000712a00000| PB 0x0000000712a00000| Untracked |  0
| 117|0x0000000712c00000, 0x0000000712c00000, 0x0000000712e00000|  0%| F|  |TAMS 0x0000000712c00000| PB 0x0000000712c00000| Untracked |  0
| 118|0x0000000712e00000, 0x0000000712e00000, 0x0000000713000000|  0%| F|  |TAMS 0x0000000712e00000| PB 0x0000000712e00000| Untracked |  0
| 119|0x0000000713000000, 0x0000000713000000, 0x0000000713200000|  0%| F|  |TAMS 0x0000000713000000| PB 0x0000000713000000| Untracked |  0
| 120|0x0000000713200000, 0x0000000713200000, 0x0000000713400000|  0%| F|  |TAMS 0x0000000713200000| PB 0x0000000713200000| Untracked |  0
| 121|0x0000000713400000, 0x0000000713598c50, 0x0000000713600000| 79%| E|  |TAMS 0x0000000713400000| PB 0x0000000713400000| Complete |  0
| 122|0x0000000713600000, 0x0000000713800000, 0x0000000713800000|100%| E|CS|TAMS 0x0000000713600000| PB 0x0000000713600000| Complete |  0
| 123|0x0000000713800000, 0x0000000713a00000, 0x0000000713a00000|100%| E|CS|TAMS 0x0000000713800000| PB 0x0000000713800000| Complete |  0
| 124|0x0000000713a00000, 0x0000000713c00000, 0x0000000713c00000|100%| E|  |TAMS 0x0000000713a00000| PB 0x0000000713a00000| Complete |  0
| 125|0x0000000713c00000, 0x0000000713e00000, 0x0000000713e00000|100%| E|CS|TAMS 0x0000000713c00000| PB 0x0000000713c00000| Complete |  0

Card table byte_map: [0x00000156ca6e0000,0x00000156caec0000] _byte_map_base: 0x00000156c6ebf000

Marking Bits: (CMBitMap*) 0x00000156b28f1b80
 Bits: [0x00000156caec0000, 0x00000156cedb8000)

Polling page: 0x00000156b07e0000

Metaspace:

Usage:
  Non-class:     16.96 MB used.
      Class:      2.36 MB used.
       Both:     19.32 MB used.

Virtual space:
  Non-class space:       64.00 MB reserved,      17.19 MB ( 27%) committed,  1 nodes.
      Class space:        1.00 GB reserved,       2.56 MB ( <1%) committed,  1 nodes.
             Both:        1.06 GB reserved,      19.75 MB (  2%) committed. 

Chunk freelists:
   Non-Class:  14.17 MB
       Class:  13.42 MB
        Both:  27.59 MB

MaxMetaspaceSize: unlimited
CompressedClassSpaceSize: 1.00 GB
Initial GC threshold: 21.00 MB
Current GC threshold: 21.00 MB
CDS: on
 - commit_granule_bytes: 65536.
 - commit_granule_words: 8192.
 - virtual_space_node_default_size: 8388608.
 - enlarge_chunks_in_place: 1.
 - use_allocation_guard: 0.


Internal statistics:

num_allocs_failed_limit: 0.
num_arena_births: 544.
num_arena_deaths: 0.
num_vsnodes_births: 2.
num_vsnodes_deaths: 0.
num_space_committed: 316.
num_space_uncommitted: 0.
num_chunks_returned_to_freelist: 0.
num_chunks_taken_from_freelist: 1123.
num_chunk_merges: 0.
num_chunk_splits: 649.
num_chunks_enlarged: 342.
num_inconsistent_stats: 0.

CodeHeap 'non-profiled nmethods': size=120000Kb used=997Kb max_used=997Kb free=119002Kb
 bounds [0x00000156c2690000, 0x00000156c2900000, 0x00000156c9bc0000]
CodeHeap 'profiled nmethods': size=120000Kb used=4751Kb max_used=4751Kb free=115248Kb
 bounds [0x00000156babc0000, 0x00000156bb070000, 0x00000156c20f0000]
CodeHeap 'non-nmethods': size=5760Kb used=1716Kb max_used=1741Kb free=4043Kb
 bounds [0x00000156c20f0000, 0x00000156c2360000, 0x00000156c2690000]
 total_blobs=3166 nmethods=2565 adapters=505
 compilation: enabled
              stopped_count=0, restarted_count=0
 full_count=0

Compilation events (20 events):
Event: 28.968 Thread 0x00000156d19696d0 2563       3       java.lang.AbstractStringBuilder::append (77 bytes)
Event: 28.970 Thread 0x00000156d19696d0 nmethod 2563 0x00000156bb059310 code [0x00000156bb059520, 0x00000156bb059bd0]
Event: 28.970 Thread 0x00000156d19696d0 2561       3       java.lang.Character::codePointBefore (48 bytes)
Event: 28.971 Thread 0x00000156d19696d0 nmethod 2561 0x00000156bb059e90 code [0x00000156bb05a080, 0x00000156bb05a608]
Event: 28.971 Thread 0x00000156d19696d0 2564       3       com.sun.org.apache.xerces.internal.util.XMLStringBuffer::<init> (7 bytes)
Event: 28.971 Thread 0x00000156d19696d0 nmethod 2564 0x00000156bb05a790 code [0x00000156bb05a940, 0x00000156bb05ac68]
Event: 28.971 Thread 0x00000156d19696d0 2562       3       java.util.AbstractList::subListRangeCheck (110 bytes)
Event: 28.973 Thread 0x00000156d19696d0 nmethod 2562 0x00000156bb05ad90 code [0x00000156bb05b100, 0x00000156bb05c258]
Event: 28.973 Thread 0x00000156d19696d0 2565       3       com.sun.org.apache.xerces.internal.impl.io.UTF8Reader::read (1443 bytes)
Event: 28.980 Thread 0x00000156d19696d0 nmethod 2565 0x00000156bb05c990 code [0x00000156bb05ce40, 0x00000156bb05f458]
Event: 28.980 Thread 0x00000156d19696d0 2566       3       com.sun.org.apache.xerces.internal.util.SymbolTable::addSymbol (110 bytes)
Event: 28.981 Thread 0x00000156d19696d0 nmethod 2566 0x00000156bb060610 code [0x00000156bb060800, 0x00000156bb060c98]
Event: 28.981 Thread 0x00000156d19696d0 2567       3       com.sun.org.apache.xerces.internal.dom.DeferredDocumentImpl::setChunkIndex (67 bytes)
Event: 28.982 Thread 0x00000156d19696d0 nmethod 2567 0x00000156bb060f10 code [0x00000156bb0610e0, 0x00000156bb0613e8]
Event: 28.987 Thread 0x00000156d19696d0 2568       3       java.util.TreeMap::addEntryToEmptyMap (37 bytes)
Event: 28.988 Thread 0x00000156d19696d0 nmethod 2568 0x00000156bb061590 code [0x00000156bb061780, 0x00000156bb061e60]
Event: 28.990 Thread 0x00000156d19696d0 2570   !   3       java.util.regex.Pattern::<init> (144 bytes)
Event: 28.993 Thread 0x00000156d19696d0 nmethod 2570 0x00000156bb062090 code [0x00000156bb0623a0, 0x00000156bb063430]
Event: 28.993 Thread 0x00000156d19696d0 2569       3       java.util.regex.Pattern::compile (10 bytes)
Event: 28.994 Thread 0x00000156d19696d0 nmethod 2569 0x00000156bb063a10 code [0x00000156bb063bc0, 0x00000156bb063d58]

GC Heap History (4 events):
Event: 1.647 GC heap before
{Heap before GC invocations=0 (full 0):
 garbage-first heap   total reserved 4126720K, committed 258048K, used 24576K [0x0000000704200000, 0x0000000800000000)
  region size 2048K, 12 young (24576K), 0 survivors (0K)
 Metaspace       used 6979K, committed 7360K, reserved 1114112K
  class space    used 808K, committed 960K, reserved 1048576K
}
Event: 1.660 GC heap after
{Heap after GC invocations=1 (full 0):
 garbage-first heap   total reserved 4126720K, committed 258048K, used 10225K [0x0000000704200000, 0x0000000800000000)
  region size 2048K, 2 young (4096K), 2 survivors (4096K)
 Metaspace       used 6979K, committed 7360K, reserved 1114112K
  class space    used 808K, committed 960K, reserved 1048576K
}
Event: 28.162 GC heap before
{Heap before GC invocations=1 (full 0):
 garbage-first heap   total reserved 4126720K, committed 258048K, used 34801K [0x0000000704200000, 0x0000000800000000)
  region size 2048K, 15 young (30720K), 2 survivors (4096K)
 Metaspace       used 17351K, committed 17792K, reserved 1114112K
  class space    used 2129K, committed 2304K, reserved 1048576K
}
Event: 28.175 GC heap after
{Heap after GC invocations=2 (full 0):
 garbage-first heap   total reserved 4126720K, committed 258048K, used 14517K [0x0000000704200000, 0x0000000800000000)
  region size 2048K, 2 young (4096K), 2 survivors (4096K)
 Metaspace       used 17351K, committed 17792K, reserved 1114112K
  class space    used 2129K, committed 2304K, reserved 1048576K
}

Dll operation events (13 events):
Event: 0.064 Loaded shared library C:\Users\61169\.jdks\openjdk-22\bin\java.dll
Event: 0.163 Loaded shared library C:\Users\61169\.jdks\openjdk-22\bin\jsvml.dll
Event: 0.346 Loaded shared library C:\Users\61169\.jdks\openjdk-22\bin\zip.dll
Event: 0.354 Loaded shared library C:\Users\61169\.jdks\openjdk-22\bin\instrument.dll
Event: 0.363 Loaded shared library C:\Users\61169\.jdks\openjdk-22\bin\net.dll
Event: 0.372 Loaded shared library C:\Users\61169\.jdks\openjdk-22\bin\nio.dll
Event: 0.380 Loaded shared library C:\Users\61169\.jdks\openjdk-22\bin\zip.dll
Event: 0.403 Loaded shared library C:\Users\61169\AppData\Local\JetBrains\IntelliJ IDEA Community Edition 2023.3.6\bin\breakgen64.dll
Event: 0.425 Loaded shared library C:\Users\61169\.jdks\openjdk-22\bin\extnet.dll
Event: 0.614 Loaded shared library C:\Users\61169\.jdks\openjdk-22\bin\jimage.dll
Event: 1.840 Loaded shared library C:\Users\61169\.jdks\openjdk-22\bin\management.dll
Event: 1.852 Loaded shared library C:\Users\61169\.jdks\openjdk-22\bin\management_ext.dll
Event: 2.876 Loaded shared library C:\Users\61169\.jdks\openjdk-22\bin\sunmscapi.dll

Deoptimization events (20 events):
Event: 28.947 Thread 0x00000156b057ab60 Uncommon trap: trap_request=0xffffff45 fr.pc=0x00000156c26aab14 relative=0x00000000000004b4
Event: 28.947 Thread 0x00000156b057ab60 Uncommon trap: reason=unstable_if action=reinterpret pc=0x00000156c26aab14 method=java.lang.AbstractStringBuilder.isLatin1()Z @ 10 c2
Event: 28.947 Thread 0x00000156b057ab60 DEOPT PACKING pc=0x00000156c26aab14 sp=0x0000000611cfdb80
Event: 28.948 Thread 0x00000156b057ab60 DEOPT UNPACKING pc=0x00000156c2147da2 sp=0x0000000611cfdb10 mode 2
Event: 28.948 Thread 0x00000156b057ab60 Uncommon trap: trap_request=0xffffff45 fr.pc=0x00000156c26aecec relative=0x000000000000006c
Event: 28.948 Thread 0x00000156b057ab60 Uncommon trap: reason=unstable_if action=reinterpret pc=0x00000156c26aecec method=java.lang.AbstractStringBuilder.isLatin1()Z @ 10 c2
Event: 28.948 Thread 0x00000156b057ab60 DEOPT PACKING pc=0x00000156c26aecec sp=0x0000000611cfdb80
Event: 28.948 Thread 0x00000156b057ab60 DEOPT UNPACKING pc=0x00000156c2147da2 sp=0x0000000611cfdb10 mode 2
Event: 28.952 Thread 0x00000156b057ab60 Uncommon trap: trap_request=0xffffff45 fr.pc=0x00000156c2728f88 relative=0x00000000000000e8
Event: 28.952 Thread 0x00000156b057ab60 Uncommon trap: reason=unstable_if action=reinterpret pc=0x00000156c2728f88 method=java.lang.CharacterDataLatin1.digit(II)I @ 7 c2
Event: 28.952 Thread 0x00000156b057ab60 DEOPT PACKING pc=0x00000156c2728f88 sp=0x0000000611cfd990
Event: 28.952 Thread 0x00000156b057ab60 DEOPT UNPACKING pc=0x00000156c2147da2 sp=0x0000000611cfd850 mode 2
Event: 28.953 Thread 0x00000156b057ab60 Uncommon trap: trap_request=0xffffff45 fr.pc=0x00000156c27293c8 relative=0x00000000000000a8
Event: 28.953 Thread 0x00000156b057ab60 Uncommon trap: reason=unstable_if action=reinterpret pc=0x00000156c27293c8 method=java.lang.CharacterDataLatin1.digit(II)I @ 7 c2
Event: 28.953 Thread 0x00000156b057ab60 DEOPT PACKING pc=0x00000156c27293c8 sp=0x0000000611cfd8f0
Event: 28.954 Thread 0x00000156b057ab60 DEOPT UNPACKING pc=0x00000156c2147da2 sp=0x0000000611cfd870 mode 2
Event: 28.958 Thread 0x00000156b057ab60 Uncommon trap: trap_request=0xffffff45 fr.pc=0x00000156c2706048 relative=0x0000000000000048
Event: 28.958 Thread 0x00000156b057ab60 Uncommon trap: reason=unstable_if action=reinterpret pc=0x00000156c2706048 method=java.lang.StringLatin1.canEncode(C)Z @ 4 c2
Event: 28.958 Thread 0x00000156b057ab60 DEOPT PACKING pc=0x00000156c2706048 sp=0x0000000611cfdb10
Event: 28.958 Thread 0x00000156b057ab60 DEOPT UNPACKING pc=0x00000156c2147da2 sp=0x0000000611cfda98 mode 2

Classes loaded (20 events):
Event: 28.819 Loading class org/w3c/dom/Attr done
Event: 28.820 Loading class com/sun/org/apache/xerces/internal/dom/AttrImpl done
Event: 28.820 Loading class com/sun/org/apache/xerces/internal/dom/AttrNSImpl done
Event: 28.820 Loading class com/sun/org/apache/xerces/internal/dom/DeferredAttrNSImpl done
Event: 28.855 Loading class com/sun/org/apache/xerces/internal/dom/DeferredTextImpl
Event: 28.856 Loading class com/sun/org/apache/xerces/internal/dom/TextImpl
Event: 28.861 Loading class org/w3c/dom/CharacterData
Event: 28.867 Loading class org/w3c/dom/CharacterData done
Event: 28.867 Loading class org/w3c/dom/Text
Event: 28.867 Loading class org/w3c/dom/Text done
Event: 28.867 Loading class com/sun/org/apache/xerces/internal/dom/CharacterDataImpl
Event: 28.868 Loading class com/sun/org/apache/xerces/internal/dom/CharacterDataImpl done
Event: 28.868 Loading class com/sun/org/apache/xerces/internal/dom/TextImpl done
Event: 28.869 Loading class com/sun/org/apache/xerces/internal/dom/DeferredTextImpl done
Event: 28.869 Loading class com/sun/org/apache/xerces/internal/dom/CharacterDataImpl$1
Event: 28.869 Loading class com/sun/org/apache/xerces/internal/dom/CharacterDataImpl$1 done
Event: 28.951 Loading class java/text/ParsePosition
Event: 28.951 Loading class java/text/ParsePosition done
Event: 28.951 Loading class java/text/CalendarBuilder
Event: 28.951 Loading class java/text/CalendarBuilder done

Classes unloaded (0 events):
No events

Classes redefined (0 events):
No events

Internal exceptions (20 events):
Event: 5.611 Thread 0x00000156b057ab60 Exception <a 'java/lang/NoSuchMethodError'{0x0000000712c3ba98}: 'java.lang.Object java.lang.invoke.DirectMethodHandle$Holder.invokeSpecialIFC(java.lang.Object, java.lang.Object, java.lang.Object)'> (0x0000000712c3ba98) 
thrown [s\open\src\hotspot\share\interpreter\linkResolver.cpp, line 774]
Event: 5.786 Thread 0x00000156b057ab60 Exception <a 'java/lang/ClassNotFoundException'{0x000000071297bd50}: sun/util/logging/resources/spi/loggingProvider> (0x000000071297bd50) 
thrown [s\open\src\hotspot\share\classfile\systemDictionary.cpp, line 313]
Event: 22.051 Thread 0x00000156b057ab60 Exception <a 'java/lang/IncompatibleClassChangeError'{0x000000071269c370}: Found class java.lang.Object, but interface was expected> (0x000000071269c370) 
thrown [s\open\src\hotspot\share\interpreter\linkResolver.cpp, line 841]
Event: 22.052 Thread 0x00000156b057ab60 Exception <a 'java/lang/NoSuchMethodError'{0x000000071269e828}: 'void java.lang.invoke.DirectMethodHandle$Holder.invokeInterface(java.lang.Object, java.lang.Object)'> (0x000000071269e828) 
thrown [s\open\src\hotspot\share\interpreter\linkResolver.cpp, line 774]
Event: 22.065 Thread 0x00000156b057ab60 Exception <a 'java/lang/NoSuchMethodError'{0x00000007126c6050}: 'void java.lang.invoke.DirectMethodHandle$Holder.invokeStaticInit(java.lang.Object, java.lang.Object)'> (0x00000007126c6050) 
thrown [s\open\src\hotspot\share\interpreter\linkResolver.cpp, line 774]
Event: 27.943 Thread 0x00000156b057ab60 Exception <a 'java/lang/NoClassDefFoundError'{0x00000007127a78b8}: junit/framework/ComparisonFailure> (0x00000007127a78b8) 
thrown [s\open\src\hotspot\share\classfile\systemDictionary.cpp, line 302]
Event: 27.982 Thread 0x00000156b057ab60 Exception <a 'java/lang/NoSuchMethodError'{0x0000000712062010}: 'void java.lang.invoke.DirectMethodHandle$Holder.invokeStaticInit(java.lang.Object)'> (0x0000000712062010) 
thrown [s\open\src\hotspot\share\interpreter\linkResolver.cpp, line 774]
Event: 28.155 Thread 0x00000156b057ab60 Exception <a 'java/lang/NoSuchMethodError'{0x00000007121f6f98}: 'java.lang.Object java.lang.invoke.DirectMethodHandle$Holder.invokeStatic(java.lang.Object, int, java.lang.Object)'> (0x00000007121f6f98) 
thrown [s\open\src\hotspot\share\interpreter\linkResolver.cpp, line 774]
Event: 28.189 Thread 0x00000156b057ab60 Exception <a 'java/lang/NoSuchMethodError'{0x0000000713c20630}: 'int java.lang.invoke.DirectMethodHandle$Holder.invokeStatic(java.lang.Object)'> (0x0000000713c20630) 
thrown [s\open\src\hotspot\share\interpreter\linkResolver.cpp, line 774]
Event: 28.190 Thread 0x00000156b057ab60 Exception <a 'java/lang/NoSuchMethodError'{0x0000000713c23a38}: 'int java.lang.invoke.DirectMethodHandle$Holder.invokeStaticInit(java.lang.Object)'> (0x0000000713c23a38) 
thrown [s\open\src\hotspot\share\interpreter\linkResolver.cpp, line 774]
Event: 28.337 Thread 0x00000156b057ab60 Exception <a 'java/lang/NoSuchMethodError'{0x0000000713de1460}: 'int java.lang.invoke.DirectMethodHandle$Holder.invokeSpecial(java.lang.Object, java.lang.Object, int)'> (0x0000000713de1460) 
thrown [s\open\src\hotspot\share\interpreter\linkResolver.cpp, line 774]
Event: 28.408 Thread 0x00000156b057ab60 Exception <a 'java/lang/NoSuchMethodError'{0x0000000713a50a88}: 'void java.lang.invoke.DirectMethodHandle$Holder.invokeStaticInit(java.lang.Object, java.lang.Object, java.lang.Object)'> (0x0000000713a50a88) 
thrown [s\open\src\hotspot\share\interpreter\linkResolver.cpp, line 774]
Event: 28.412 Thread 0x00000156b057ab60 Exception <a 'java/lang/NoSuchMethodError'{0x0000000713a5da98}: 'java.lang.Object java.lang.invoke.DirectMethodHandle$Holder.invokeStaticInit(java.lang.Object, java.lang.Object, java.lang.Object)'> (0x0000000713a5da98) 
thrown [s\open\src\hotspot\share\interpreter\linkResolver.cpp, line 774]
Event: 28.424 Thread 0x00000156b057ab60 Exception <a 'java/lang/NoSuchMethodError'{0x0000000713a78ad0}: 'void java.lang.invoke.DirectMethodHandle$Holder.invokeStaticInit(java.lang.Object, java.lang.Object, java.lang.Object, java.lang.Object)'> (0x0000000713a78ad0) 
thrown [s\open\src\hotspot\share\interpreter\linkResolver.cpp, line 774]
Event: 28.431 Thread 0x00000156b057ab60 Exception <a 'java/lang/NoSuchMethodError'{0x0000000713a90a18}: 'void java.lang.invoke.DirectMethodHandle$Holder.invokeStatic(java.lang.Object, int)'> (0x0000000713a90a18) 
thrown [s\open\src\hotspot\share\interpreter\linkResolver.cpp, line 774]
Event: 28.432 Thread 0x00000156b057ab60 Exception <a 'java/lang/NoSuchMethodError'{0x0000000713a93e80}: 'void java.lang.invoke.DirectMethodHandle$Holder.invokeStaticInit(java.lang.Object, int)'> (0x0000000713a93e80) 
thrown [s\open\src\hotspot\share\interpreter\linkResolver.cpp, line 774]
Event: 28.769 Thread 0x00000156b057ab60 Exception <a 'java/lang/NoSuchMethodError'{0x00000007136ca020}: 'void java.lang.invoke.DirectMethodHandle$Holder.invokeVirtual(java.lang.Object, java.lang.Object, java.lang.Object, int)'> (0x00000007136ca020) 
thrown [s\open\src\hotspot\share\interpreter\linkResolver.cpp, line 774]
Event: 28.772 Thread 0x00000156b057ab60 Exception <a 'java/lang/NoSuchMethodError'{0x00000007136d1548}: 'void java.lang.invoke.DirectMethodHandle$Holder.invokeVirtual(java.lang.Object, java.lang.Object, java.lang.Object, java.lang.Object)'> (0x00000007136d1548) 
thrown [s\open\src\hotspot\share\interpreter\linkResolver.cpp, line 774]
Event: 28.787 Thread 0x00000156b057ab60 Exception <a 'java/lang/NoSuchMethodError'{0x00000007136ff5e8}: 'void java.lang.invoke.DirectMethodHandle$Holder.invokeStatic(java.lang.Object, java.lang.Object, java.lang.Object, int)'> (0x00000007136ff5e8) 
thrown [s\open\src\hotspot\share\interpreter\linkResolver.cpp, line 774]
Event: 28.789 Thread 0x00000156b057ab60 Exception <a 'java/lang/NoSuchMethodError'{0x0000000713702d68}: 'void java.lang.invoke.DirectMethodHandle$Holder.invokeStaticInit(java.lang.Object, java.lang.Object, java.lang.Object, int)'> (0x0000000713702d68) 
thrown [s\open\src\hotspot\share\interpreter\linkResolver.cpp, line 774]

ZGC Phase Switch (0 events):
No events

VM Operations (20 events):
Event: 5.565 Executing VM operation: HandshakeAllThreads (Deoptimize)
Event: 5.565 Executing VM operation: HandshakeAllThreads (Deoptimize) done
Event: 5.569 Executing VM operation: HandshakeAllThreads (Deoptimize)
Event: 5.569 Executing VM operation: HandshakeAllThreads (Deoptimize) done
Event: 5.569 Executing VM operation: Cleanup
Event: 5.569 Executing VM operation: Cleanup done
Event: 6.573 Executing VM operation: Cleanup
Event: 6.574 Executing VM operation: Cleanup done
Event: 22.721 Executing VM operation: Cleanup
Event: 22.722 Executing VM operation: Cleanup done
Event: 24.731 Executing VM operation: Cleanup
Event: 24.732 Executing VM operation: Cleanup done
Event: 26.735 Executing VM operation: Cleanup
Event: 26.735 Executing VM operation: Cleanup done
Event: 28.162 Executing VM operation: G1CollectForAllocation (G1 Evacuation Pause)
Event: 28.175 Executing VM operation: G1CollectForAllocation (G1 Evacuation Pause) done
Event: 28.474 Executing VM operation: HandshakeAllThreads (Deoptimize)
Event: 28.474 Executing VM operation: HandshakeAllThreads (Deoptimize) done
Event: 28.555 Executing VM operation: HandshakeAllThreads (Deoptimize)
Event: 28.555 Executing VM operation: HandshakeAllThreads (Deoptimize) done

Events (20 events):
Event: 2.953 Thread 0x0000015717fee310 Thread added: 0x0000015717fee310
Event: 3.044 Thread 0x000001571823f070 Thread added: 0x000001571823f070
Event: 3.081 Thread 0x00000157181e2010 Thread added: 0x00000157181e2010
Event: 3.083 Thread 0x00000157181e2680 Thread added: 0x00000157181e2680
Event: 3.089 Thread 0x0000015718b0aeb0 Thread added: 0x0000015718b0aeb0
Event: 3.304 Thread 0x0000015717de0f70 Thread exited: 0x0000015717de0f70
Event: 3.309 Thread 0x0000015718b0b540 Thread added: 0x0000015718b0b540
Event: 3.379 Thread 0x0000015718b0cf80 Thread added: 0x0000015718b0cf80
Event: 3.382 Thread 0x0000015718b0c260 Thread added: 0x0000015718b0c260
Event: 3.468 Thread 0x0000015718b0bbd0 Thread added: 0x0000015718b0bbd0
Event: 3.471 Thread 0x0000015718b0c8f0 Thread added: 0x0000015718b0c8f0
Event: 3.472 Thread 0x0000015718b0d610 Thread added: 0x0000015718b0d610
Event: 5.684 Thread 0x0000015718b0a190 Thread added: 0x0000015718b0a190
Event: 5.685 Thread 0x0000015718b0a820 Thread added: 0x0000015718b0a820
Event: 5.690 Thread 0x0000015717e8b630 Thread added: 0x0000015717e8b630
Event: 5.692 Thread 0x0000015717e8bcc0 Thread added: 0x0000015717e8bcc0
Event: 13.316 Thread 0x0000015718b0b540 Thread exited: 0x0000015718b0b540
Event: 14.329 Thread 0x0000015717c3c490 Thread exited: 0x0000015717c3c490
Event: 27.951 Thread 0x00000156d1b587f0 Thread added: 0x00000156d1b587f0
Event: 28.707 Thread 0x00000156d1b587f0 Thread exited: 0x00000156d1b587f0


Dynamic libraries:
0x00007ff77e170000 - 0x00007ff77e17e000 	C:\Users\61169\.jdks\openjdk-22\bin\java.exe
0x00007ffdb9d90000 - 0x00007ffdb9fa8000 	C:\WINDOWS\SYSTEM32\ntdll.dll
0x00007ffdb8a60000 - 0x00007ffdb8b24000 	C:\WINDOWS\System32\KERNEL32.DLL
0x00007ffdb7340000 - 0x00007ffdb7713000 	C:\WINDOWS\System32\KERNELBASE.dll
0x00007ffdb77a0000 - 0x00007ffdb78b1000 	C:\WINDOWS\System32\ucrtbase.dll
0x00007ffdb1230000 - 0x00007ffdb124b000 	C:\Users\61169\.jdks\openjdk-22\bin\VCRUNTIME140.dll
0x00007ffdb1250000 - 0x00007ffdb1267000 	C:\Users\61169\.jdks\openjdk-22\bin\jli.dll
0x00007ffdb9330000 - 0x00007ffdb94e2000 	C:\WINDOWS\System32\USER32.dll
0x00007ffdb7310000 - 0x00007ffdb7336000 	C:\WINDOWS\System32\win32u.dll
0x00007ffdb9750000 - 0x00007ffdb9779000 	C:\WINDOWS\System32\GDI32.dll
0x00007ffdb6f30000 - 0x00007ffdb7053000 	C:\WINDOWS\System32\gdi32full.dll
0x00007ffdb6e90000 - 0x00007ffdb6f2a000 	C:\WINDOWS\System32\msvcp_win.dll
0x00007ffd8b8d0000 - 0x00007ffd8bb6c000 	C:\WINDOWS\WinSxS\amd64_microsoft.windows.common-controls_6595b64144ccf1df_6.0.22621.6060_none_2712eda17382d24b\COMCTL32.dll
0x00007ffdb95a0000 - 0x00007ffdb9647000 	C:\WINDOWS\System32\msvcrt.dll
0x00007ffdb8f40000 - 0x00007ffdb8f71000 	C:\WINDOWS\System32\IMM32.DLL
0x00000156b0800000 - 0x00000156b0816000 	C:\WINDOWS\System32\umppc20008.dll
0x00007ffdb1280000 - 0x00007ffdb128c000 	C:\Users\61169\.jdks\openjdk-22\bin\vcruntime140_1.dll
0x00007ffd97df0000 - 0x00007ffd97e7e000 	C:\Users\61169\.jdks\openjdk-22\bin\msvcp140.dll
0x00007ffd16fa0000 - 0x00007ffd17ce8000 	C:\Users\61169\.jdks\openjdk-22\bin\server\jvm.dll
0x00007ffdb7f20000 - 0x00007ffdb7fd1000 	C:\WINDOWS\System32\ADVAPI32.dll
0x00007ffdb7d10000 - 0x00007ffdb7db8000 	C:\WINDOWS\System32\sechost.dll
0x00007ffdb72e0000 - 0x00007ffdb7308000 	C:\WINDOWS\System32\bcrypt.dll
0x00007ffdb9780000 - 0x00007ffdb9898000 	C:\WINDOWS\System32\RPCRT4.dll
0x00007ffdb8eb0000 - 0x00007ffdb8f21000 	C:\WINDOWS\System32\WS2_32.dll
0x00007ffdb6cb0000 - 0x00007ffdb6cfd000 	C:\WINDOWS\SYSTEM32\POWRPROF.dll
0x00007ffdacd80000 - 0x00007ffdacdb4000 	C:\WINDOWS\SYSTEM32\WINMM.dll
0x00007ffdaa080000 - 0x00007ffdaa08a000 	C:\WINDOWS\SYSTEM32\VERSION.dll
0x00007ffdb6c90000 - 0x00007ffdb6ca3000 	C:\WINDOWS\SYSTEM32\UMPDC.dll
0x00007ffdb5d40000 - 0x00007ffdb5d58000 	C:\WINDOWS\SYSTEM32\kernel.appcore.dll
0x00007ffdb1200000 - 0x00007ffdb120a000 	C:\Users\61169\.jdks\openjdk-22\bin\jimage.dll
0x00007ffdb4560000 - 0x00007ffdb4793000 	C:\WINDOWS\SYSTEM32\DBGHELP.DLL
0x00007ffdb8f80000 - 0x00007ffdb9312000 	C:\WINDOWS\System32\combase.dll
0x00007ffdb9650000 - 0x00007ffdb9728000 	C:\WINDOWS\System32\OLEAUT32.dll
0x00007ffd90c40000 - 0x00007ffd90c72000 	C:\WINDOWS\SYSTEM32\dbgcore.DLL
0x00007ffdb7720000 - 0x00007ffdb779b000 	C:\WINDOWS\System32\bcryptPrimitives.dll
0x00007ffdb1180000 - 0x00007ffdb118f000 	C:\Users\61169\.jdks\openjdk-22\bin\instrument.dll
0x00007ffdb0110000 - 0x00007ffdb012e000 	C:\Users\61169\.jdks\openjdk-22\bin\java.dll
0x00007ffdb7fe0000 - 0x00007ffdb887e000 	C:\WINDOWS\System32\SHELL32.dll
0x00007ffdb7060000 - 0x00007ffdb719f000 	C:\WINDOWS\System32\wintypes.dll
0x00007ffdb7a80000 - 0x00007ffdb7c20000 	C:\WINDOWS\System32\ole32.dll
0x00007ffdb4ba0000 - 0x00007ffdb54b8000 	C:\WINDOWS\SYSTEM32\windows.storage.dll
0x00007ffdb8cb0000 - 0x00007ffdb8db4000 	C:\WINDOWS\System32\SHCORE.dll
0x00007ffdb7c20000 - 0x00007ffdb7c89000 	C:\WINDOWS\System32\shlwapi.dll
0x00007ffdb6dc0000 - 0x00007ffdb6de5000 	C:\WINDOWS\SYSTEM32\profapi.dll
0x00007ffd97ac0000 - 0x00007ffd97b97000 	C:\Users\61169\.jdks\openjdk-22\bin\jsvml.dll
0x00007ffdaef50000 - 0x00007ffdaef67000 	C:\Users\61169\.jdks\openjdk-22\bin\zip.dll
0x00007ffdb08d0000 - 0x00007ffdb08e0000 	C:\Users\61169\.jdks\openjdk-22\bin\net.dll
0x00007ffdb6330000 - 0x00007ffdb6399000 	C:\WINDOWS\system32\mswsock.dll
0x00007ffdaef70000 - 0x00007ffdaef86000 	C:\Users\61169\.jdks\openjdk-22\bin\nio.dll
0x00007ffd99070000 - 0x00007ffd9908a000 	C:\Users\61169\AppData\Local\JetBrains\IntelliJ IDEA Community Edition 2023.3.6\bin\breakgen64.dll
0x00007ffdaef40000 - 0x00007ffdaef49000 	C:\Users\61169\.jdks\openjdk-22\bin\extnet.dll
0x00007ffdb65d0000 - 0x00007ffdb65eb000 	C:\WINDOWS\SYSTEM32\CRYPTSP.dll
0x00007ffdb5ca0000 - 0x00007ffdb5cd7000 	C:\WINDOWS\system32\rsaenh.dll
0x00007ffdb63d0000 - 0x00007ffdb63f8000 	C:\WINDOWS\SYSTEM32\USERENV.dll
0x00007ffdb65b0000 - 0x00007ffdb65bc000 	C:\WINDOWS\SYSTEM32\CRYPTBASE.dll
0x00007ffdb55e0000 - 0x00007ffdb560d000 	C:\WINDOWS\SYSTEM32\IPHLPAPI.DLL
0x00007ffdb8f30000 - 0x00007ffdb8f39000 	C:\WINDOWS\System32\NSI.dll
0x00007ffdb5610000 - 0x00007ffdb5708000 	C:\WINDOWS\SYSTEM32\DNSAPI.dll
0x00007ffdabe70000 - 0x00007ffdabe7a000 	C:\Windows\System32\rasadhlp.dll
0x00007ffdad010000 - 0x00007ffdad094000 	C:\WINDOWS\System32\fwpuclnt.dll
0x00007ffd99060000 - 0x00007ffd9906a000 	C:\Users\61169\.jdks\openjdk-22\bin\management.dll
0x00007ffd99050000 - 0x00007ffd9905b000 	C:\Users\61169\.jdks\openjdk-22\bin\management_ext.dll
0x00007ffdb98a0000 - 0x00007ffdb98a8000 	C:\WINDOWS\System32\PSAPI.DLL
0x00007ffdadbf0000 - 0x00007ffdadbfe000 	C:\Users\61169\.jdks\openjdk-22\bin\sunmscapi.dll
0x00007ffdb78c0000 - 0x00007ffdb7a28000 	C:\WINDOWS\System32\CRYPT32.dll
0x00007ffdb66d0000 - 0x00007ffdb66fe000 	C:\WINDOWS\SYSTEM32\ncrypt.dll
0x00007ffdb6690000 - 0x00007ffdb66c7000 	C:\WINDOWS\SYSTEM32\NTASN1.dll
0x00007ffd7aca0000 - 0x00007ffd7aca8000 	C:\WINDOWS\system32\wshunix.dll

dbghelp: loaded successfully - version: 4.0.5 - missing functions: none
symbol engine: initialized successfully - sym options: 0x614 - pdb path: .;C:\Users\61169\.jdks\openjdk-22\bin;C:\WINDOWS\SYSTEM32;C:\WINDOWS\WinSxS\amd64_microsoft.windows.common-controls_6595b64144ccf1df_6.0.22621.6060_none_2712eda17382d24b;C:\Users\61169\.jdks\openjdk-22\bin\server;C:\Users\61169\AppData\Local\JetBrains\IntelliJ IDEA Community Edition 2023.3.6\bin

VM Arguments:
jvm_args: -ea --enable-preview -Didea.test.cyclic.buffer.size=1048576 -javaagent:C:\Users\61169\AppData\Local\JetBrains\IntelliJ IDEA Community Edition 2023.3.6\lib\idea_rt.jar=52023:C:\Users\61169\AppData\Local\JetBrains\IntelliJ IDEA Community Edition 2023.3.6\bin -Dfile.encoding=UTF-8 -Dsun.stdout.encoding=UTF-8 -Dsun.stderr.encoding=UTF-8 
java_command: com.intellij.rt.testng.RemoteTestNGStarter -usedefaultlisteners false -socket52022 @w@C:\Users\61169\AppData\Local\Temp\idea_working_dirs_testng.tmp -temp C:\Users\61169\AppData\Local\Temp\idea_testng.tmp
java_class_path (initial): C:\Users\61169\AppData\Local\JetBrains\IntelliJ IDEA Community Edition 2023.3.6\lib\idea_rt.jar;C:\Users\61169\AppData\Local\JetBrains\IntelliJ IDEA Community Edition 2023.3.6\plugins\testng\lib\testng-rt.jar;C:\Users\61169\IdeaProjects\SeleniumE2EFramework\target\test-classes;C:\Users\61169\IdeaProjects\SeleniumE2EFramework\target\classes;C:\Users\61169\.m2\repository\org\seleniumhq\selenium\selenium-java\4.34.0\selenium-java-4.34.0.jar;C:\Users\61169\.m2\repository\org\seleniumhq\selenium\selenium-api\4.34.0\selenium-api-4.34.0.jar;C:\Users\61169\.m2\repository\org\jspecify\jspecify\1.0.0\jspecify-1.0.0.jar;C:\Users\61169\.m2\repository\org\seleniumhq\selenium\selenium-chrome-driver\4.34.0\selenium-chrome-driver-4.34.0.jar;C:\Users\61169\.m2\repository\com\google\auto\service\auto-service-annotations\1.1.1\auto-service-annotations-1.1.1.jar;C:\Users\61169\.m2\repository\org\seleniumhq\selenium\selenium-chromium-driver\4.34.0\selenium-chromium-driver-4.34.0.jar;C:\Users\61169\.m2\repository\org\seleniumhq\selenium\selenium-json\4.34.0\selenium-json-4.34.0.jar;C:\Users\61169\.m2\repository\org\seleniumhq\selenium\selenium-manager\4.34.0\selenium-manager-4.34.0.jar;C:\Users\61169\.m2\repository\org\seleniumhq\selenium\selenium-devtools-v136\4.34.0\selenium-devtools-v136-4.34.0.jar;C:\Users\61169\.m2\repository\org\seleniumhq\selenium\selenium-devtools-v137\4.34.0\selenium-devtools-v137-4.34.0.jar;C:\Users\61169\.m2\repository\org\seleniumhq\selenium\selenium-devtools-v138\4.34.0\selenium-devtools-v138-4.34.0.jar;C:\Users\61169\.m2\repository\org\seleniumhq\selenium\selenium-edge-driver\4.34.0\selenium-edge-driver-4.34.0.jar;C:\Users\61169\.m2\repository\org\seleniumhq\selenium\selenium-firefox-driver\4.34.0\selenium-firefox-driver-4.34.0.jar;C:\Users\61169\.m2\repository\org\seleniumhq\selenium\selenium-http\4.34.0\selenium-http-4.34.0.jar;C:\Users\61169\.m2\repository\org\seleniumhq\selenium\selenium-ie-driver\4.34.0\selenium-ie-driver-4.34.0.jar;C:\Users\61169\.m2\repository\org\seleniumhq\selenium\selenium-remote-driver\4.34.0\selenium-remote-driver-4.34.0.jar;C:\Users\61169\.m2\repository\com\google\guava\guava\33.4.8-jre\guava-33.4.8-jre.jar;C:\Users\61169\.m2\repository\com\google\guava\failureaccess\1.0.3\failureaccess-1.0.3.jar;C:\Users\61169\.m2\repository\com\google\guava\listenablefuture\9999.0-empty-to-avoid-conflict-with-guava\listenablefuture-9999.0-empty-to-avoid-conflict-with-guava.jar;C:\Users\61169\.m2\repository\com\google\errorprone\error_prone_annotations\2.36.0\error_prone_annotations-2.36.0.jar;C:\Users\61169\.m2\repository\com\google\j2objc\j2objc-annotations\3.0.0\j2objc-annotations-3.0.0.jar;C:\Users\61169\.m2\repository\io\opentelemetry\opentelemetry-api\1.51.0\opentelemetry-api-1.51.0.jar;C:\Users\61169\.m2\repository\io\opentelemetry\opentelemetry-context\1.51.0\opentelemetry-context-1.51.0.jar;C:\Users\61169\.m2\repository\io\opentelemetry\opentelemetry-exporter-logging\1.51.0\opentelemetry-exporter-logging-1.51.0.jar;C:\Users\61169\.m2\repository\io\opentelemetry\opentelemetry-sdk-common\1.51.0\opentelemetry-sdk-common-1.51.0.jar;C:\Users\61169\.m2\repository\io\opentelemetry\opentelemetry-sdk-extension-autoconfigure-spi\1.51.0\opentelemetry-sdk-extension-autoconfigure-spi-1.51.0.jar;C:\Users\61169\.m2\repository\io\opentelemetry\opentelemetry-sdk-extension-autoconfigure\1.51.0\opentelemetry-sdk-extension-autoconfigure-1.51.0.jar;C:\Users\61169\.m2\repository\io\opentelemetry\opentelemetry-sdk-trace\1.51.0\opentelemetry-sdk-trace-1.51.0.jar;C:\Users\61169\.m2\repository\io\opentelemetry\opentelemetry-sdk\1.51.0\opentelemetry-sdk-1.51.0.jar;C:\Users\61169\.m2\repository\io\opentelemetry\opentelemetry-sdk-metrics\1.51.0\opentelemetry-sdk-metrics-1.51.0.jar;C:\Users\61169\.m2\repository\io\opentelemetry\opentelemetry-sdk-logs\1.51.0\opentelemetry-sdk-logs-1.51.0.jar;C:\Users\61169\.m2\repository\net\bytebuddy\byte-buddy\1.17.6\byte-buddy-1.17.6.jar;C:\Users\61169\.m2\repository\org\seleniumhq\selenium\selenium-os\4.34.0\selenium-os-4.34.0.jar;C:\Users\61169\.m2\repository\org\apache\commons\commons-exec\1.5.0\commons-exec-1.5.0.jar;C:\Users\61169\.m2\repository\org\seleniumhq\selenium\selenium-safari-driver\4.34.0\selenium-safari-driver-4.34.0.jar;C:\Users\61169\.m2\repository\org\seleniumhq\selenium\selenium-support\4.34.0\selenium-support-4.34.0.jar;C:\Users\61169\.m2\repository\org\testng\testng\7.11.0\testng-7.11.0.jar;C:\Users\61169\.m2\repository\org\slf4j\slf4j-api\2.0.16\slf4j-api-2.0.16.jar;C:\Users\61169\.m2\repository\org\jcommander\jcommander\1.83\jcommander-1.83.jar;C:\Users\61169\.m2\repository\org\webjars\jquery\3.7.1\jquery-3.7.1.jar;C:\Users\61169\.m2\repository\org\apache\poi\poi\5.4.1\poi-5.4.1.jar;C:\Users\61169\.m2\repository\commons-codec\commons-codec\1.18.0\commons-codec-1.18.0.jar;C:\Users\61169\.m2\repository\org\apache\commons\commons-collections4\4.4\commons-collections4-4.4.jar;C:\Users\61169\.m2\repository\org\apache\commons\commons-math3\3.6.1\commons-math3-3.6.1.jar;C:\Users\61169\.m2\repository\commons-io\commons-io\2.18.0\commons-io-2.18.0.jar;C:\Users\61169\.m2\repository\com\zaxxer\SparseBitSet\1.3\SparseBitSet-1.3.jar;C:\Users\61169\.m2\repository\org\apache\logging\log4j\log4j-api\2.24.3\log4j-api-2.24.3.jar;C:\Users\61169\.m2\repository\org\apache\poi\poi-ooxml\5.4.1\poi-ooxml-5.4.1.jar;C:\Users\61169\.m2\repository\org\apache\poi\poi-ooxml-lite\5.4.1\poi-ooxml-lite-5.4.1.jar;C:\Users\61169\.m2\repository\org\apache\xmlbeans\xmlbeans\5.3.0\xmlbeans-5.3.0.jar;C:\Users\61169\.m2\repository\org\apache\commons\commons-compress\1.27.1\commons-compress-1.27.1.jar;C:\Users\61169\.m2\repository\org\apache\commons\commons-lang3\3.16.0\commons-lang3-3.16.0.jar;C:\Users\61169\.m2\repository\com\github\virtuald\curvesapi\1.08\curvesapi-1.08.jar;C:\Users\61169\.m2\repository\org\apache\poi\poi-ooxml-schemas\4.1.2\poi-ooxml-schemas-4.1.2.jar;C:\Users\61169\.m2\repository\org\apache\poi\poi-ooxml-full\5.4.1\poi-ooxml-full-5.4.1.jar;C:\Users\61169\.m2\repository\org\apache\poi\poi-scratchpad\5.4.1\poi-scratchpad-5.4.1.jar
Launcher Type: SUN_STANDARD

[Global flags]
     intx CICompilerCount                          = 4                                         {product} {ergonomic}
     uint ConcGCThreads                            = 2                                         {product} {ergonomic}
     uint G1ConcRefinementThreads                  = 8                                         {product} {ergonomic}
   size_t G1HeapRegionSize                         = 2097152                                   {product} {ergonomic}
   size_t InitialHeapSize                          = 264241152                                 {product} {ergonomic}
   size_t MarkStackSize                            = 4194304                                   {product} {ergonomic}
   size_t MaxHeapSize                              = 4225761280                                {product} {ergonomic}
   size_t MaxNewSize                               = 2535456768                                {product} {ergonomic}
   size_t MinHeapDeltaBytes                        = 2097152                                   {product} {ergonomic}
   size_t MinHeapSize                              = 8388608                                   {product} {ergonomic}
    uintx NonNMethodCodeHeapSize                   = 5839372                                {pd product} {ergonomic}
    uintx NonProfiledCodeHeapSize                  = 122909434                              {pd product} {ergonomic}
    uintx ProfiledCodeHeapSize                     = 122909434                              {pd product} {ergonomic}
    uintx ReservedCodeCacheSize                    = 251658240                              {pd product} {ergonomic}
     bool SegmentedCodeCache                       = true                                      {product} {ergonomic}
   size_t SoftMaxHeapSize                          = 4225761280                             {manageable} {ergonomic}
     bool UseCompressedOops                        = true                           {product lp64_product} {ergonomic}
     bool UseG1GC                                  = true                                      {product} {ergonomic}
     bool UseLargePagesIndividualAllocation        = false                                  {pd product} {ergonomic}

Logging:
Log output configuration:
 #0: stdout all=warning uptime,level,tags foldmultilines=false
 #1: stderr all=off uptime,level,tags foldmultilines=false

Environment Variables:
PATH=C:\Program Files\OpenLogic\jdk-17.0.7.7-hotspot\bin;C:\Program Files (x86)\Common Files\Oracle\Java\javapath;C:\WINDOWS\system32;C:\WINDOWS;C:\WINDOWS\System32\Wbem;C:\WINDOWS\System32\WindowsPowerShell\v1.0\;C:\WINDOWS\System32\OpenSSH\;C:\Program Files (x86)\Webex\Plugins;C:\Users\61169\AppData\Local\Programs\Python\Launcher\;C:\Users\61169\AppData\Local\Microsoft\WindowsApps;;C:\Users\61169\AppData\Local\JetBrains\IntelliJ IDEA Community Edition 2023.3.6\bin;;C:\Users\61169\AppData\Local\JetBrains\PyCharm Community Edition 2024.1.1\bin;;C:\Users\61169\AppData\Local\Programs\Microsoft VS Code\bin
USERNAME=1000061169
OS=Windows_NT
PROCESSOR_IDENTIFIER=Intel64 Family 6 Model 140 Stepping 1, GenuineIntel
TMP=C:\Users\61169\AppData\Local\Temp
TEMP=C:\Users\61169\AppData\Local\Temp




Periodic native trim disabled

---------------  S Y S T E M  ---------------

OS:
 Windows 11 , 64 bit Build 22621 (10.0.22621.5415)
OS uptime: 4 days 12:05 hours
Hyper-V role detected

CPU: total 8 (initial active 8) (4 cores per cpu, 2 threads per core) family 6 model 140 stepping 1 microcode 0xba, cx8, cmov, fxsr, ht, mmx, 3dnowpref, sse, sse2, sse3, ssse3, sse4.1, sse4.2, popcnt, lzcnt, tsc, tscinvbit, avx, avx2, aes, erms, clmul, bmi1, bmi2, adx, avx512f, avx512dq, avx512cd, avx512bw, avx512vl, sha, fma, vzeroupper, avx512_vpopcntdq, avx512_vpclmulqdq, avx512_vaes, avx512_vnni, clflush, clflushopt, clwb, avx512_vbmi2, avx512_vbmi, hv, rdtscp, rdpid, fsrm, gfni, avx512_bitalg, f16c, cet_ibt, cet_ss, avx512_ifma
Processor Information for processor 0
  Max Mhz: 2419, Current Mhz: 2419, Mhz Limit: 2419
Processor Information for processor 1
  Max Mhz: 2419, Current Mhz: 1209, Mhz Limit: 2419
Processor Information for processor 2
  Max Mhz: 2419, Current Mhz: 2419, Mhz Limit: 2419
Processor Information for processor 3
  Max Mhz: 2419, Current Mhz: 1209, Mhz Limit: 2419
Processor Information for processor 4
  Max Mhz: 2419, Current Mhz: 1209, Mhz Limit: 2419
Processor Information for processor 5
  Max Mhz: 2419, Current Mhz: 1209, Mhz Limit: 2419
Processor Information for processor 6
  Max Mhz: 2419, Current Mhz: 2419, Mhz Limit: 2419
Processor Information for processor 7
  Max Mhz: 2419, Current Mhz: 1209, Mhz Limit: 2419

Memory: 4k page, system-wide physical 16112M (2944M free)
TotalPageFile size 19016M (AvailPageFile size 4M)
current process WorkingSet (physical memory assigned to process): 133M, peak: 133M
current process commit charge ("private bytes"): 381M, peak: 383M

vm_info: OpenJDK 64-Bit Server VM (22+36-2370) for windows-amd64 JRE (22+36-2370), built on 2024-02-15T22:15:19Z by "mach5one" with MS VC++ 17.6 (VS2022)

END.
