#
# There is insufficient memory for the Java Runtime Environment to continue.
# Native memory allocation (malloc) failed to allocate 1035424 bytes. Error detail: Chunk::new
# Possible reasons:
#   The system is out of physical RAM or swap space
#   This process is running with CompressedOops enabled, and the Java Heap may be blocking the growth of the native heap
# Possible solutions:
#   Reduce memory load on the system
#   Increase physical memory or swap space
#   Check if swap backing store is full
#   Decrease Java heap size (-Xmx/-Xms)
#   Decrease number of Java threads
#   Decrease Java thread stack sizes (-Xss)
#   Set larger code cache with -XX:ReservedCodeCacheSize=
#   JVM is running with Zero Based Compressed Oops mode in which the Java heap is
#     placed in the first 32GB address space. The Java Heap base address is the
#     maximum limit for the native heap growth. Please use -XX:HeapBaseMinAddress
#     to set the Java Heap base and to place the Java Heap above 32GB virtual address.
# This output file may be truncated or incomplete.
#
#  Out of Memory Error (arena.cpp:150), pid=17276, tid=25208
#
# JRE version: OpenJDK Runtime Environment (22.0+36) (build 22+36-2370)
# Java VM: OpenJDK 64-Bit Server VM (22+36-2370, mixed mode, sharing, tiered, compressed oops, compressed class ptrs, g1 gc, windows-amd64)
# No core dump will be written. Minidumps are not enabled by default on client versions of Windows
#

---------------  S U M M A R Y ------------

Command Line: -ea --enable-preview -Didea.test.cyclic.buffer.size=1048576 -javaagent:C:\Users\61169\AppData\Local\JetBrains\IntelliJ IDEA Community Edition 2023.3.6\lib\idea_rt.jar=50102:C:\Users\61169\AppData\Local\JetBrains\IntelliJ IDEA Community Edition 2023.3.6\bin -Dfile.encoding=UTF-8 -Dsun.stdout.encoding=UTF-8 -Dsun.stderr.encoding=UTF-8 -agentpath:C:\Program Files\Palo Alto Networks\Traps\cyjagent.dll com.intellij.rt.testng.RemoteTestNGStarter -usedefaultlisteners false -socket50101 @w@C:\Users\61169\AppData\Local\Temp\idea_working_dirs_testng.tmp -temp C:\Users\61169\AppData\Local\Temp\idea_testng.tmp

Host: 11th Gen Intel(R) Core(TM) i5-1135G7 @ 2.40GHz, 8 cores, 15G,  Windows 11 , 64 bit Build 22621 (10.0.22621.5415)
Time: Tue Dec 30 19:58:53 2025 India Standard Time elapsed time: 28.577461 seconds (0d 0h 0m 28s)

---------------  T H R E A D  ---------------

Current thread (0x000001b851bcf370):  JavaThread "C2 CompilerThread0" daemon [_thread_in_native, id=25208, stack(0x00000010f3900000,0x00000010f3a00000) (1024K)]


Current CompileTask:
C2:28580 3459       4       sun.reflect.annotation.AnnotationInvocationHandler::memberValueToString (423 bytes)

Stack: [0x00000010f3900000,0x00000010f3a00000]
Native frames: (J=compiled Java code, j=interpreted, Vv=VM code, C=native code)
V  [jvm.dll+0x6e2349]  (no source info available)
V  [jvm.dll+0x874ed3]  (no source info available)
V  [jvm.dll+0x8772fe]  (no source info available)
V  [jvm.dll+0x8779d3]  (no source info available)
V  [jvm.dll+0x27fcb6]  (no source info available)
V  [jvm.dll+0xc3d0f]  (no source info available)
V  [jvm.dll+0xc3f6b]  (no source info available)
V  [jvm.dll+0x3bb05c]  (no source info available)
V  [jvm.dll+0x387abb]  (no source info available)
V  [jvm.dll+0x386f2a]  (no source info available)
V  [jvm.dll+0x247908]  (no source info available)
V  [jvm.dll+0x246faf]  (no source info available)
V  [jvm.dll+0x1c4e90]  (no source info available)
V  [jvm.dll+0x25699e]  (no source info available)
V  [jvm.dll+0x254c5a]  (no source info available)
V  [jvm.dll+0x3f5426]  (no source info available)
V  [jvm.dll+0x81d50b]  (no source info available)
V  [jvm.dll+0x6e09e5]  (no source info available)
C  [ucrtbase.dll+0x29333]  (no source info available)
C  [cyinjct.dll+0x11e7]  (no source info available)
C  [KERNEL32.DLL+0x1259d]  (no source info available)
C  [ntdll.dll+0x5af78]  (no source info available)


---------------  P R O C E S S  ---------------

Threads class SMR info:
_java_thread_list=0x000001b8a008a960, length=59, elements={
0x000001b83a2bc280, 0x000001b851bbc800, 0x000001b851bbd8d0, 0x000001b851bc07f0,
0x000001b851bc1540, 0x000001b851bc2be0, 0x000001b851bc3e70, 0x000001b851bcf370,
0x000001b851bd6c90, 0x000001b8595ab5a0, 0x000001b85962b4d0, 0x000001b859630b70,
0x000001b89fc73ef0, 0x000001b89fc7ffb0, 0x000001b89fc7e9a0, 0x000001b89fd83160,
0x000001b89fd837f0, 0x000001b89fd82440, 0x000001b89fd82ad0, 0x000001b89f5a40d0,
0x000001b89f5a5b10, 0x000001b89f5a4760, 0x000001b89f5a61a0, 0x000001b89f5a5480,
0x000001b89f5a6830, 0x000001b89f5a6ec0, 0x000001b89f5a7550, 0x000001b8a0fba7f0,
0x000001b8a0fbc230, 0x000001b8a0fbc8c0, 0x000001b8a0fb9440, 0x000001b8a0fbcf50,
0x000001b8a0fb5fc0, 0x000001b8a0fbb510, 0x000001b8a0fbbba0, 0x000001b8a0fbae80,
0x000001b8a0fb8db0, 0x000001b8a0fb8090, 0x000001b8a0fbd5e0, 0x000001b8a0fb6650,
0x000001b8a0fb7370, 0x000001b8a0fb7a00, 0x000001b8a0fb9ad0, 0x000001b8a0fb8720,
0x000001b8a0fba160, 0x000001b8a04ac1e0, 0x000001b8a04ac870, 0x000001b8a04a93f0,
0x000001b8a04a86d0, 0x000001b8a04a8040, 0x000001b8a04a79b0, 0x000001b8a04a8d60,
0x000001b8a04a5f70, 0x000001b8a04aa110, 0x000001b8a04acf00, 0x000001b8a04a9a80,
0x000001b8a04aae30, 0x000001b8a04ad590, 0x000001b8a04aa7a0
}

Java Threads: ( => current thread )
  0x000001b83a2bc280 JavaThread "main"                              [_thread_blocked, id=31080, stack(0x00000010f2b00000,0x00000010f2c00000) (1024K)]
  0x000001b851bbc800 JavaThread "Reference Handler"          daemon [_thread_blocked, id=2240, stack(0x00000010f3300000,0x00000010f3400000) (1024K)]
  0x000001b851bbd8d0 JavaThread "Finalizer"                  daemon [_thread_blocked, id=1072, stack(0x00000010f3400000,0x00000010f3500000) (1024K)]
  0x000001b851bc07f0 JavaThread "Signal Dispatcher"          daemon [_thread_blocked, id=29776, stack(0x00000010f3500000,0x00000010f3600000) (1024K)]
  0x000001b851bc1540 JavaThread "Attach Listener"            daemon [_thread_blocked, id=7684, stack(0x00000010f3600000,0x00000010f3700000) (1024K)]
  0x000001b851bc2be0 JavaThread "Service Thread"             daemon [_thread_blocked, id=24212, stack(0x00000010f3700000,0x00000010f3800000) (1024K)]
  0x000001b851bc3e70 JavaThread "Monitor Deflation Thread"   daemon [_thread_blocked, id=23720, stack(0x00000010f3800000,0x00000010f3900000) (1024K)]
=>0x000001b851bcf370 JavaThread "C2 CompilerThread0"         daemon [_thread_in_native, id=25208, stack(0x00000010f3900000,0x00000010f3a00000) (1024K)]
  0x000001b851bd6c90 JavaThread "C1 CompilerThread0"         daemon [_thread_blocked, id=25000, stack(0x00000010f3a00000,0x00000010f3b00000) (1024K)]
  0x000001b8595ab5a0 JavaThread "Common-Cleaner"             daemon [_thread_blocked, id=27800, stack(0x00000010f3b00000,0x00000010f3c00000) (1024K)]
  0x000001b85962b4d0 JavaThread "Monitor Ctrl-Break"         daemon [_thread_in_native, id=9932, stack(0x00000010f3c00000,0x00000010f3d00000) (1024K)]
  0x000001b859630b70 JavaThread "Notification Thread"        daemon [_thread_blocked, id=10096, stack(0x00000010f3d00000,0x00000010f3e00000) (1024K)]
  0x000001b89fc73ef0 JavaThread "ForkJoinPool.commonPool-worker-1" daemon [_thread_blocked, id=16996, stack(0x00000010f4600000,0x00000010f4700000) (1024K)]
  0x000001b89fc7ffb0 JavaThread "ForkJoinPool.commonPool-worker-2" daemon [_thread_blocked, id=1884, stack(0x00000010f4700000,0x00000010f4800000) (1024K)]
  0x000001b89fc7e9a0 JavaThread "ForkJoinPool.commonPool-worker-3" daemon [_thread_blocked, id=25704, stack(0x00000010f4800000,0x00000010f4900000) (1024K)]
  0x000001b89fd83160 JavaThread "Forwarding executeScript on session d9367e70777961fd9bd3981726612eb7 to remote"        [_thread_blocked, id=26844, stack(0x00000010f4c00000,0x00000010f4d00000) (1024K)]
  0x000001b89fd837f0 JavaThread "Forwarding get on session 0cb84951-a7c0-4f60-bf8c-7d50daa8fd3b to remote"        [_thread_blocked, id=13388, stack(0x00000010f4d00000,0x00000010f4e00000) (1024K)]
  0x000001b89fd82440 JavaThread "Forwarding get on session bba67769-56f6-499e-88fe-518671b1c2c5 to remote"        [_thread_blocked, id=27272, stack(0x00000010f4e00000,0x00000010f4f00000) (1024K)]
  0x000001b89fd82ad0 JavaThread "Forwarding clearElement on session c17a583f41ad601c1a3e731621f40336 to remote"        [_thread_blocked, id=12492, stack(0x00000010f4f00000,0x00000010f5000000) (1024K)]
  0x000001b89f5a40d0 JavaThread "HttpClient-1-SelectorManager" daemon [_thread_in_native, id=13060, stack(0x00000010f3e00000,0x00000010f3f00000) (1024K)]
  0x000001b89f5a5b10 JavaThread "HttpClient-4-SelectorManager" daemon [_thread_in_native, id=18940, stack(0x00000010f4b00000,0x00000010f4c00000) (1024K)]
  0x000001b89f5a4760 JavaThread "HttpClient-3-SelectorManager" daemon [_thread_in_native, id=32596, stack(0x00000010f5000000,0x00000010f5100000) (1024K)]
  0x000001b89f5a61a0 JavaThread "HttpClient-2-SelectorManager" daemon [_thread_in_native, id=11992, stack(0x00000010f5100000,0x00000010f5200000) (1024K)]
  0x000001b89f5a5480 JavaThread "External Process Output Forwarder - C:\Users\61169\.cache\selenium\geckodriver\win64\0.36.0\geckodriver.exe" daemon [_thread_in_native, id=4248, stack(0x00000010f5200000,0x00000010f5300000) (1024K)]
  0x000001b89f5a6830 JavaThread "Driver Service Executor"    daemon [_thread_blocked, id=5792, stack(0x00000010f5300000,0x00000010f5400000) (1024K)]
  0x000001b89f5a6ec0 JavaThread "Driver Service Executor"    daemon [_thread_blocked, id=31396, stack(0x00000010f5400000,0x00000010f5500000) (1024K)]
  0x000001b89f5a7550 JavaThread "External Process Output Forwarder - C:\Users\61169\.cache\selenium\chromedriver\win64\143.0.7499.169\chromedriver.exe" daemon [_thread_in_native, id=28052, stack(0x00000010f5600000,0x00000010f5700000) (1024K)]
  0x000001b8a0fba7f0 JavaThread "Driver Service Executor"    daemon [_thread_blocked, id=17900, stack(0x00000010f5700000,0x00000010f5800000) (1024K)]
  0x000001b8a0fbc230 JavaThread "Driver Service Executor"    daemon [_thread_blocked, id=14580, stack(0x00000010f5800000,0x00000010f5900000) (1024K)]
  0x000001b8a0fbc8c0 JavaThread "UrlChecker-2"               daemon [_thread_blocked, id=10164, stack(0x00000010f5900000,0x00000010f5a00000) (1024K)]
  0x000001b8a0fb9440 JavaThread "External Process Output Forwarder - C:\Users\61169\.cache\selenium\geckodriver\win64\0.36.0\geckodriver.exe" daemon [_thread_in_native, id=8284, stack(0x00000010f5a00000,0x00000010f5b00000) (1024K)]
  0x000001b8a0fbcf50 JavaThread "Driver Service Executor"    daemon [_thread_blocked, id=8288, stack(0x00000010f5b00000,0x00000010f5c00000) (1024K)]
  0x000001b8a0fb5fc0 JavaThread "Driver Service Executor"    daemon [_thread_blocked, id=11852, stack(0x00000010f5c00000,0x00000010f5d00000) (1024K)]
  0x000001b8a0fbb510 JavaThread "External Process Output Forwarder - C:\Users\61169\.cache\selenium\chromedriver\win64\143.0.7499.169\chromedriver.exe" daemon [_thread_in_native, id=13148, stack(0x00000010f5d00000,0x00000010f5e00000) (1024K)]
  0x000001b8a0fbbba0 JavaThread "Driver Service Executor"    daemon [_thread_blocked, id=13172, stack(0x00000010f5e00000,0x00000010f5f00000) (1024K)]
  0x000001b8a0fbae80 JavaThread "Driver Service Executor"    daemon [_thread_blocked, id=13196, stack(0x00000010f5f00000,0x00000010f6000000) (1024K)]
  0x000001b8a0fb8db0 JavaThread "UrlChecker-3"               daemon [_thread_blocked, id=11584, stack(0x00000010f6000000,0x00000010f6100000) (1024K)]
  0x000001b8a0fb8090 JavaThread "JdkHttpClient-3-0"          daemon [_thread_blocked, id=21804, stack(0x00000010f6200000,0x00000010f6300000) (1024K)]
  0x000001b8a0fbd5e0 JavaThread "JdkHttpClient-2-0"          daemon [_thread_blocked, id=13152, stack(0x00000010f6300000,0x00000010f6400000) (1024K)]
  0x000001b8a0fb6650 JavaThread "CompletableFutureDelayScheduler" daemon [_thread_blocked, id=11288, stack(0x00000010f6400000,0x00000010f6500000) (1024K)]
  0x000001b8a0fb7370 JavaThread "JdkHttpClient-1-0"          daemon [_thread_blocked, id=13200, stack(0x00000010f6600000,0x00000010f6700000) (1024K)]
  0x000001b8a0fb7a00 JavaThread "JdkHttpClient-0-0"          daemon [_thread_blocked, id=8552, stack(0x00000010f6700000,0x00000010f6800000) (1024K)]
  0x000001b8a0fb9ad0 JavaThread "JdkHttpClient-3-1"          daemon [_thread_blocked, id=12588, stack(0x00000010f6800000,0x00000010f6900000) (1024K)]
  0x000001b8a0fb8720 JavaThread "JdkHttpClient-1-1"          daemon [_thread_blocked, id=6100, stack(0x00000010f6900000,0x00000010f6a00000) (1024K)]
  0x000001b8a0fba160 JavaThread "JdkHttpClient-2-1"          daemon [_thread_blocked, id=29388, stack(0x00000010f6a00000,0x00000010f6b00000) (1024K)]
  0x000001b8a04ac1e0 JavaThread "JdkHttpClient-1-2"          daemon [_thread_blocked, id=7476, stack(0x00000010f6b00000,0x00000010f6c00000) (1024K)]
  0x000001b8a04ac870 JavaThread "JdkHttpClient-1-3"          daemon [_thread_blocked, id=14040, stack(0x00000010f6c00000,0x00000010f6d00000) (1024K)]
  0x000001b8a04a93f0 JavaThread "JdkHttpClient-2-2"          daemon [_thread_blocked, id=17836, stack(0x00000010f6d00000,0x00000010f6e00000) (1024K)]
  0x000001b8a04a86d0 JavaThread "JdkHttpClient-3-2"          daemon [_thread_blocked, id=17848, stack(0x00000010f6e00000,0x00000010f6f00000) (1024K)]
  0x000001b8a04a8040 JavaThread "JdkHttpClient-0-1"          daemon [_thread_blocked, id=16912, stack(0x00000010f6100000,0x00000010f6200000) (1024K)]
  0x000001b8a04a79b0 JavaThread "JdkHttpClient-0-2"          daemon [_thread_blocked, id=4528, stack(0x00000010f6f00000,0x00000010f7000000) (1024K)]
  0x000001b8a04a8d60 JavaThread "HttpClient-5-SelectorManager" daemon [_thread_in_native, id=27520, stack(0x00000010f4a00000,0x00000010f4b00000) (1024K)]
  0x000001b8a04a5f70 JavaThread "JdkHttpClient-4-0"          daemon [_thread_blocked, id=13796, stack(0x00000010f7000000,0x00000010f7100000) (1024K)]
  0x000001b8a04aa110 JavaThread "JdkHttpClient-4-1"          daemon [_thread_blocked, id=30860, stack(0x00000010f7100000,0x00000010f7200000) (1024K)]
  0x000001b8a04acf00 JavaThread "HttpClient-6-SelectorManager" daemon [_thread_in_native, id=9612, stack(0x00000010f7200000,0x00000010f7300000) (1024K)]
  0x000001b8a04a9a80 JavaThread "JdkHttpClient-4-2"          daemon [_thread_blocked, id=24752, stack(0x00000010f7300000,0x00000010f7400000) (1024K)]
  0x000001b8a04aae30 JavaThread "JdkHttpClient-5-0"          daemon [_thread_blocked, id=8320, stack(0x00000010f7400000,0x00000010f7500000) (1024K)]
  0x000001b8a04ad590 JavaThread "JdkHttpClient-5-1"          daemon [_thread_blocked, id=14552, stack(0x00000010f7500000,0x00000010f7600000) (1024K)]
  0x000001b8a04aa7a0 JavaThread "JdkHttpClient-5-2"          daemon [_thread_blocked, id=344, stack(0x00000010f7600000,0x00000010f7700000) (1024K)]
Total: 59

Other Threads:
  0x000001b851b9a710 VMThread "VM Thread"                           [id=7096, stack(0x00000010f3200000,0x00000010f3300000) (1024K)]
  0x000001b8593b0090 WatcherThread "VM Periodic Task Thread"        [id=31748, stack(0x00000010f3100000,0x00000010f3200000) (1024K)]
  0x000001b851a1f9f0 WorkerThread "GC Thread#0"                     [id=1280, stack(0x00000010f2c00000,0x00000010f2d00000) (1024K)]
  0x000001b89fbb2350 WorkerThread "GC Thread#1"                     [id=10744, stack(0x00000010f3f00000,0x00000010f4000000) (1024K)]
  0x000001b89fbb2700 WorkerThread "GC Thread#2"                     [id=10748, stack(0x00000010f4000000,0x00000010f4100000) (1024K)]
  0x000001b89fc35140 WorkerThread "GC Thread#3"                     [id=10604, stack(0x00000010f4100000,0x00000010f4200000) (1024K)]
  0x000001b89fbdb080 WorkerThread "GC Thread#4"                     [id=7508, stack(0x00000010f4200000,0x00000010f4300000) (1024K)]
  0x000001b89fbe38c0 WorkerThread "GC Thread#5"                     [id=19008, stack(0x00000010f4300000,0x00000010f4400000) (1024K)]
  0x000001b89fc08cf0 WorkerThread "GC Thread#6"                     [id=23580, stack(0x00000010f4400000,0x00000010f4500000) (1024K)]
  0x000001b89fc17ed0 WorkerThread "GC Thread#7"                     [id=31556, stack(0x00000010f4500000,0x00000010f4600000) (1024K)]
  0x000001b851a209b0 ConcurrentGCThread "G1 Main Marker"            [id=31008, stack(0x00000010f2d00000,0x00000010f2e00000) (1024K)]
  0x000001b83a2f3180 WorkerThread "G1 Conc#0"                       [id=31884, stack(0x00000010f2e00000,0x00000010f2f00000) (1024K)]
  0x000001b851ad25e0 ConcurrentGCThread "G1 Refine#0"               [id=29668, stack(0x00000010f2f00000,0x00000010f3000000) (1024K)]
  0x000001b851ad3220 ConcurrentGCThread "G1 Service"                [id=28028, stack(0x00000010f3000000,0x00000010f3100000) (1024K)]
Total: 14

Threads with active compile tasks:
C2 CompilerThread0  28976 3459       4       sun.reflect.annotation.AnnotationInvocationHandler::memberValueToString (423 bytes)
Total: 1

VM state: not at safepoint (normal execution)

VM Mutex/Monitor currently owned by a thread: None

Heap address: 0x0000000704200000, size: 4030 MB, Compressed Oops mode: Zero based, Oop shift amount: 3

CDS archive(s) mapped at: [0x000001b85a000000-0x000001b85ac50000-0x000001b85ac50000), size 12910592, SharedBaseAddress: 0x000001b85a000000, ArchiveRelocationMode: 1.
Compressed class space mapped at: 0x000001b85b000000-0x000001b89b000000, reserved size: 1073741824
Narrow klass base: 0x000001b85a000000, Narrow klass shift: 0, Narrow klass range: 0x41000000

GC Precious Log:
 CardTable entry size: 512
 Card Set container configuration: InlinePtr #cards 4 size 8 Array Of Cards #cards 16 size 48 Howl #buckets 8 coarsen threshold 3686 Howl Bitmap #cards 512 size 80 coarsen threshold 460 Card regions per heap region 1 cards per card region 4096
 CPUs: 8 total, 8 available
 Memory: 16112M
 Large Page Support: Disabled
 NUMA Support: Disabled
 Compressed Oops: Enabled (Zero based)
 Heap Region Size: 2M
 Heap Min Capacity: 8M
 Heap Initial Capacity: 252M
 Heap Max Capacity: 4030M
 Pre-touch: Disabled
 Parallel Workers: 8
 Concurrent Workers: 2
 Concurrent Refinement Workers: 8
 Periodic GC: Disabled

Heap:
 garbage-first heap   total reserved 4126720K, committed 258048K, used 57559K [0x0000000704200000, 0x0000000800000000)
  region size 2048K, 24 young (49152K), 1 survivors (2048K)
 Metaspace       used 20878K, committed 21440K, reserved 1114112K
  class space    used 2617K, committed 2880K, reserved 1048576K

Heap Regions: E=young(eden), S=young(survivor), O=old, HS=humongous(starts), HC=humongous(continues), CS=collection set, F=free, TAMS=top-at-mark-start, PB=parsable bottom
|   0|0x0000000704200000, 0x0000000704400000, 0x0000000704400000|100%|HS|  |TAMS 0x0000000704200000| PB 0x0000000704200000| Complete |  0
|   1|0x0000000704400000, 0x0000000704600000, 0x0000000704600000|100%| O|  |TAMS 0x0000000704400000| PB 0x0000000704400000| Untracked |  0
|   2|0x0000000704600000, 0x0000000704800000, 0x0000000704800000|100%| O|  |TAMS 0x0000000704600000| PB 0x0000000704600000| Untracked |  0
|   3|0x0000000704800000, 0x0000000704a00000, 0x0000000704a00000|100%| O|  |TAMS 0x0000000704800000| PB 0x0000000704800000| Untracked |  0
|   4|0x0000000704a00000, 0x0000000704c00000, 0x0000000704c00000|100%| O|  |TAMS 0x0000000704a00000| PB 0x0000000704a00000| Untracked |  0
|   5|0x0000000704c00000, 0x0000000704e00000, 0x0000000704e00000|100%| O|  |TAMS 0x0000000704c00000| PB 0x0000000704c00000| Untracked |  0
|   6|0x0000000704e00000, 0x0000000704e829c8, 0x0000000705000000| 25%| O|  |TAMS 0x0000000704e00000| PB 0x0000000704e00000| Untracked |  0
|   7|0x0000000705000000, 0x0000000705000000, 0x0000000705200000|  0%| F|  |TAMS 0x0000000705000000| PB 0x0000000705000000| Untracked |  0
|   8|0x0000000705200000, 0x0000000705200000, 0x0000000705400000|  0%| F|  |TAMS 0x0000000705200000| PB 0x0000000705200000| Untracked |  0
|   9|0x0000000705400000, 0x0000000705400000, 0x0000000705600000|  0%| F|  |TAMS 0x0000000705400000| PB 0x0000000705400000| Untracked |  0
|  10|0x0000000705600000, 0x0000000705600000, 0x0000000705800000|  0%| F|  |TAMS 0x0000000705600000| PB 0x0000000705600000| Untracked |  0
|  11|0x0000000705800000, 0x0000000705800000, 0x0000000705a00000|  0%| F|  |TAMS 0x0000000705800000| PB 0x0000000705800000| Untracked |  0
|  12|0x0000000705a00000, 0x0000000705a00000, 0x0000000705c00000|  0%| F|  |TAMS 0x0000000705a00000| PB 0x0000000705a00000| Untracked |  0
|  13|0x0000000705c00000, 0x0000000705c00000, 0x0000000705e00000|  0%| F|  |TAMS 0x0000000705c00000| PB 0x0000000705c00000| Untracked |  0
|  14|0x0000000705e00000, 0x0000000705e00000, 0x0000000706000000|  0%| F|  |TAMS 0x0000000705e00000| PB 0x0000000705e00000| Untracked |  0
|  15|0x0000000706000000, 0x0000000706000000, 0x0000000706200000|  0%| F|  |TAMS 0x0000000706000000| PB 0x0000000706000000| Untracked |  0
|  16|0x0000000706200000, 0x0000000706200000, 0x0000000706400000|  0%| F|  |TAMS 0x0000000706200000| PB 0x0000000706200000| Untracked |  0
|  17|0x0000000706400000, 0x0000000706400000, 0x0000000706600000|  0%| F|  |TAMS 0x0000000706400000| PB 0x0000000706400000| Untracked |  0
|  18|0x0000000706600000, 0x0000000706600000, 0x0000000706800000|  0%| F|  |TAMS 0x0000000706600000| PB 0x0000000706600000| Untracked |  0
|  19|0x0000000706800000, 0x0000000706800000, 0x0000000706a00000|  0%| F|  |TAMS 0x0000000706800000| PB 0x0000000706800000| Untracked |  0
|  20|0x0000000706a00000, 0x0000000706a00000, 0x0000000706c00000|  0%| F|  |TAMS 0x0000000706a00000| PB 0x0000000706a00000| Untracked |  0
|  21|0x0000000706c00000, 0x0000000706c00000, 0x0000000706e00000|  0%| F|  |TAMS 0x0000000706c00000| PB 0x0000000706c00000| Untracked |  0
|  22|0x0000000706e00000, 0x0000000706e00000, 0x0000000707000000|  0%| F|  |TAMS 0x0000000706e00000| PB 0x0000000706e00000| Untracked |  0
|  23|0x0000000707000000, 0x0000000707000000, 0x0000000707200000|  0%| F|  |TAMS 0x0000000707000000| PB 0x0000000707000000| Untracked |  0
|  24|0x0000000707200000, 0x0000000707200000, 0x0000000707400000|  0%| F|  |TAMS 0x0000000707200000| PB 0x0000000707200000| Untracked |  0
|  25|0x0000000707400000, 0x0000000707400000, 0x0000000707600000|  0%| F|  |TAMS 0x0000000707400000| PB 0x0000000707400000| Untracked |  0
|  26|0x0000000707600000, 0x0000000707600000, 0x0000000707800000|  0%| F|  |TAMS 0x0000000707600000| PB 0x0000000707600000| Untracked |  0
|  27|0x0000000707800000, 0x0000000707800000, 0x0000000707a00000|  0%| F|  |TAMS 0x0000000707800000| PB 0x0000000707800000| Untracked |  0
|  28|0x0000000707a00000, 0x0000000707a00000, 0x0000000707c00000|  0%| F|  |TAMS 0x0000000707a00000| PB 0x0000000707a00000| Untracked |  0
|  29|0x0000000707c00000, 0x0000000707c00000, 0x0000000707e00000|  0%| F|  |TAMS 0x0000000707c00000| PB 0x0000000707c00000| Untracked |  0
|  30|0x0000000707e00000, 0x0000000707e00000, 0x0000000708000000|  0%| F|  |TAMS 0x0000000707e00000| PB 0x0000000707e00000| Untracked |  0
|  31|0x0000000708000000, 0x0000000708000000, 0x0000000708200000|  0%| F|  |TAMS 0x0000000708000000| PB 0x0000000708000000| Untracked |  0
|  32|0x0000000708200000, 0x0000000708200000, 0x0000000708400000|  0%| F|  |TAMS 0x0000000708200000| PB 0x0000000708200000| Untracked |  0
|  33|0x0000000708400000, 0x0000000708400000, 0x0000000708600000|  0%| F|  |TAMS 0x0000000708400000| PB 0x0000000708400000| Untracked |  0
|  34|0x0000000708600000, 0x0000000708600000, 0x0000000708800000|  0%| F|  |TAMS 0x0000000708600000| PB 0x0000000708600000| Untracked |  0
|  35|0x0000000708800000, 0x0000000708800000, 0x0000000708a00000|  0%| F|  |TAMS 0x0000000708800000| PB 0x0000000708800000| Untracked |  0
|  36|0x0000000708a00000, 0x0000000708a00000, 0x0000000708c00000|  0%| F|  |TAMS 0x0000000708a00000| PB 0x0000000708a00000| Untracked |  0
|  37|0x0000000708c00000, 0x0000000708c00000, 0x0000000708e00000|  0%| F|  |TAMS 0x0000000708c00000| PB 0x0000000708c00000| Untracked |  0
|  38|0x0000000708e00000, 0x0000000708e00000, 0x0000000709000000|  0%| F|  |TAMS 0x0000000708e00000| PB 0x0000000708e00000| Untracked |  0
|  39|0x0000000709000000, 0x0000000709000000, 0x0000000709200000|  0%| F|  |TAMS 0x0000000709000000| PB 0x0000000709000000| Untracked |  0
|  40|0x0000000709200000, 0x0000000709200000, 0x0000000709400000|  0%| F|  |TAMS 0x0000000709200000| PB 0x0000000709200000| Untracked |  0
|  41|0x0000000709400000, 0x0000000709400000, 0x0000000709600000|  0%| F|  |TAMS 0x0000000709400000| PB 0x0000000709400000| Untracked |  0
|  42|0x0000000709600000, 0x0000000709600000, 0x0000000709800000|  0%| F|  |TAMS 0x0000000709600000| PB 0x0000000709600000| Untracked |  0
|  43|0x0000000709800000, 0x0000000709800000, 0x0000000709a00000|  0%| F|  |TAMS 0x0000000709800000| PB 0x0000000709800000| Untracked |  0
|  44|0x0000000709a00000, 0x0000000709a00000, 0x0000000709c00000|  0%| F|  |TAMS 0x0000000709a00000| PB 0x0000000709a00000| Untracked |  0
|  45|0x0000000709c00000, 0x0000000709c00000, 0x0000000709e00000|  0%| F|  |TAMS 0x0000000709c00000| PB 0x0000000709c00000| Untracked |  0
|  46|0x0000000709e00000, 0x0000000709e00000, 0x000000070a000000|  0%| F|  |TAMS 0x0000000709e00000| PB 0x0000000709e00000| Untracked |  0
|  47|0x000000070a000000, 0x000000070a000000, 0x000000070a200000|  0%| F|  |TAMS 0x000000070a000000| PB 0x000000070a000000| Untracked |  0
|  48|0x000000070a200000, 0x000000070a200000, 0x000000070a400000|  0%| F|  |TAMS 0x000000070a200000| PB 0x000000070a200000| Untracked |  0
|  49|0x000000070a400000, 0x000000070a400000, 0x000000070a600000|  0%| F|  |TAMS 0x000000070a400000| PB 0x000000070a400000| Untracked |  0
|  50|0x000000070a600000, 0x000000070a600000, 0x000000070a800000|  0%| F|  |TAMS 0x000000070a600000| PB 0x000000070a600000| Untracked |  0
|  51|0x000000070a800000, 0x000000070a800000, 0x000000070aa00000|  0%| F|  |TAMS 0x000000070a800000| PB 0x000000070a800000| Untracked |  0
|  52|0x000000070aa00000, 0x000000070aa00000, 0x000000070ac00000|  0%| F|  |TAMS 0x000000070aa00000| PB 0x000000070aa00000| Untracked |  0
|  53|0x000000070ac00000, 0x000000070ac00000, 0x000000070ae00000|  0%| F|  |TAMS 0x000000070ac00000| PB 0x000000070ac00000| Untracked |  0
|  54|0x000000070ae00000, 0x000000070ae00000, 0x000000070b000000|  0%| F|  |TAMS 0x000000070ae00000| PB 0x000000070ae00000| Untracked |  0
|  55|0x000000070b000000, 0x000000070b000000, 0x000000070b200000|  0%| F|  |TAMS 0x000000070b000000| PB 0x000000070b000000| Untracked |  0
|  56|0x000000070b200000, 0x000000070b200000, 0x000000070b400000|  0%| F|  |TAMS 0x000000070b200000| PB 0x000000070b200000| Untracked |  0
|  57|0x000000070b400000, 0x000000070b400000, 0x000000070b600000|  0%| F|  |TAMS 0x000000070b400000| PB 0x000000070b400000| Untracked |  0
|  58|0x000000070b600000, 0x000000070b600000, 0x000000070b800000|  0%| F|  |TAMS 0x000000070b600000| PB 0x000000070b600000| Untracked |  0
|  59|0x000000070b800000, 0x000000070b800000, 0x000000070ba00000|  0%| F|  |TAMS 0x000000070b800000| PB 0x000000070b800000| Untracked |  0
|  60|0x000000070ba00000, 0x000000070ba00000, 0x000000070bc00000|  0%| F|  |TAMS 0x000000070ba00000| PB 0x000000070ba00000| Untracked |  0
|  61|0x000000070bc00000, 0x000000070bc00000, 0x000000070be00000|  0%| F|  |TAMS 0x000000070bc00000| PB 0x000000070bc00000| Untracked |  0
|  62|0x000000070be00000, 0x000000070be00000, 0x000000070c000000|  0%| F|  |TAMS 0x000000070be00000| PB 0x000000070be00000| Untracked |  0
|  63|0x000000070c000000, 0x000000070c000000, 0x000000070c200000|  0%| F|  |TAMS 0x000000070c000000| PB 0x000000070c000000| Untracked |  0
|  64|0x000000070c200000, 0x000000070c200000, 0x000000070c400000|  0%| F|  |TAMS 0x000000070c200000| PB 0x000000070c200000| Untracked |  0
|  65|0x000000070c400000, 0x000000070c400000, 0x000000070c600000|  0%| F|  |TAMS 0x000000070c400000| PB 0x000000070c400000| Untracked |  0
|  66|0x000000070c600000, 0x000000070c600000, 0x000000070c800000|  0%| F|  |TAMS 0x000000070c600000| PB 0x000000070c600000| Untracked |  0
|  67|0x000000070c800000, 0x000000070c800000, 0x000000070ca00000|  0%| F|  |TAMS 0x000000070c800000| PB 0x000000070c800000| Untracked |  0
|  68|0x000000070ca00000, 0x000000070ca00000, 0x000000070cc00000|  0%| F|  |TAMS 0x000000070ca00000| PB 0x000000070ca00000| Untracked |  0
|  69|0x000000070cc00000, 0x000000070cc00000, 0x000000070ce00000|  0%| F|  |TAMS 0x000000070cc00000| PB 0x000000070cc00000| Untracked |  0
|  70|0x000000070ce00000, 0x000000070ce00000, 0x000000070d000000|  0%| F|  |TAMS 0x000000070ce00000| PB 0x000000070ce00000| Untracked |  0
|  71|0x000000070d000000, 0x000000070d000000, 0x000000070d200000|  0%| F|  |TAMS 0x000000070d000000| PB 0x000000070d000000| Untracked |  0
|  72|0x000000070d200000, 0x000000070d200000, 0x000000070d400000|  0%| F|  |TAMS 0x000000070d200000| PB 0x000000070d200000| Untracked |  0
|  73|0x000000070d400000, 0x000000070d400000, 0x000000070d600000|  0%| F|  |TAMS 0x000000070d400000| PB 0x000000070d400000| Untracked |  0
|  74|0x000000070d600000, 0x000000070d600000, 0x000000070d800000|  0%| F|  |TAMS 0x000000070d600000| PB 0x000000070d600000| Untracked |  0
|  75|0x000000070d800000, 0x000000070d800000, 0x000000070da00000|  0%| F|  |TAMS 0x000000070d800000| PB 0x000000070d800000| Untracked |  0
|  76|0x000000070da00000, 0x000000070da00000, 0x000000070dc00000|  0%| F|  |TAMS 0x000000070da00000| PB 0x000000070da00000| Untracked |  0
|  77|0x000000070dc00000, 0x000000070dc00000, 0x000000070de00000|  0%| F|  |TAMS 0x000000070dc00000| PB 0x000000070dc00000| Untracked |  0
|  78|0x000000070de00000, 0x000000070de00000, 0x000000070e000000|  0%| F|  |TAMS 0x000000070de00000| PB 0x000000070de00000| Untracked |  0
|  79|0x000000070e000000, 0x000000070e000000, 0x000000070e200000|  0%| F|  |TAMS 0x000000070e000000| PB 0x000000070e000000| Untracked |  0
|  80|0x000000070e200000, 0x000000070e200000, 0x000000070e400000|  0%| F|  |TAMS 0x000000070e200000| PB 0x000000070e200000| Untracked |  0
|  81|0x000000070e400000, 0x000000070e400000, 0x000000070e600000|  0%| F|  |TAMS 0x000000070e400000| PB 0x000000070e400000| Untracked |  0
|  82|0x000000070e600000, 0x000000070e600000, 0x000000070e800000|  0%| F|  |TAMS 0x000000070e600000| PB 0x000000070e600000| Untracked |  0
|  83|0x000000070e800000, 0x000000070e800000, 0x000000070ea00000|  0%| F|  |TAMS 0x000000070e800000| PB 0x000000070e800000| Untracked |  0
|  84|0x000000070ea00000, 0x000000070ea00000, 0x000000070ec00000|  0%| F|  |TAMS 0x000000070ea00000| PB 0x000000070ea00000| Untracked |  0
|  85|0x000000070ec00000, 0x000000070ec00000, 0x000000070ee00000|  0%| F|  |TAMS 0x000000070ec00000| PB 0x000000070ec00000| Untracked |  0
|  86|0x000000070ee00000, 0x000000070ee00000, 0x000000070f000000|  0%| F|  |TAMS 0x000000070ee00000| PB 0x000000070ee00000| Untracked |  0
|  87|0x000000070f000000, 0x000000070f000000, 0x000000070f200000|  0%| F|  |TAMS 0x000000070f000000| PB 0x000000070f000000| Untracked |  0
|  88|0x000000070f200000, 0x000000070f200000, 0x000000070f400000|  0%| F|  |TAMS 0x000000070f200000| PB 0x000000070f200000| Untracked |  0
|  89|0x000000070f400000, 0x000000070f400000, 0x000000070f600000|  0%| F|  |TAMS 0x000000070f400000| PB 0x000000070f400000| Untracked |  0
|  90|0x000000070f600000, 0x000000070f600000, 0x000000070f800000|  0%| F|  |TAMS 0x000000070f600000| PB 0x000000070f600000| Untracked |  0
|  91|0x000000070f800000, 0x000000070f800000, 0x000000070fa00000|  0%| F|  |TAMS 0x000000070f800000| PB 0x000000070f800000| Untracked |  0
|  92|0x000000070fa00000, 0x000000070fa00000, 0x000000070fc00000|  0%| F|  |TAMS 0x000000070fa00000| PB 0x000000070fa00000| Untracked |  0
|  93|0x000000070fc00000, 0x000000070fc00000, 0x000000070fe00000|  0%| F|  |TAMS 0x000000070fc00000| PB 0x000000070fc00000| Untracked |  0
|  94|0x000000070fe00000, 0x000000070fe00000, 0x0000000710000000|  0%| F|  |TAMS 0x000000070fe00000| PB 0x000000070fe00000| Untracked |  0
|  95|0x0000000710000000, 0x0000000710000000, 0x0000000710200000|  0%| F|  |TAMS 0x0000000710000000| PB 0x0000000710000000| Untracked |  0
|  96|0x0000000710200000, 0x0000000710200000, 0x0000000710400000|  0%| F|  |TAMS 0x0000000710200000| PB 0x0000000710200000| Untracked |  0
|  97|0x0000000710400000, 0x0000000710400000, 0x0000000710600000|  0%| F|  |TAMS 0x0000000710400000| PB 0x0000000710400000| Untracked |  0
|  98|0x0000000710600000, 0x0000000710600000, 0x0000000710800000|  0%| F|  |TAMS 0x0000000710600000| PB 0x0000000710600000| Untracked |  0
|  99|0x0000000710800000, 0x0000000710800000, 0x0000000710a00000|  0%| F|  |TAMS 0x0000000710800000| PB 0x0000000710800000| Untracked |  0
| 100|0x0000000710a00000, 0x0000000710a00000, 0x0000000710c00000|  0%| F|  |TAMS 0x0000000710a00000| PB 0x0000000710a00000| Untracked |  0
| 101|0x0000000710c00000, 0x0000000710c00000, 0x0000000710e00000|  0%| F|  |TAMS 0x0000000710c00000| PB 0x0000000710c00000| Untracked |  0
| 102|0x0000000710e00000, 0x0000000710e71610, 0x0000000711000000| 22%| E|  |TAMS 0x0000000710e00000| PB 0x0000000710e00000| Complete |  0
| 103|0x0000000711000000, 0x0000000711200000, 0x0000000711200000|100%| E|CS|TAMS 0x0000000711000000| PB 0x0000000711000000| Complete |  0
| 104|0x0000000711200000, 0x0000000711400000, 0x0000000711400000|100%| E|CS|TAMS 0x0000000711200000| PB 0x0000000711200000| Complete |  0
| 105|0x0000000711400000, 0x0000000711600000, 0x0000000711600000|100%| E|CS|TAMS 0x0000000711400000| PB 0x0000000711400000| Complete |  0
| 106|0x0000000711600000, 0x0000000711800000, 0x0000000711800000|100%| E|CS|TAMS 0x0000000711600000| PB 0x0000000711600000| Complete |  0
| 107|0x0000000711800000, 0x0000000711a00000, 0x0000000711a00000|100%| E|CS|TAMS 0x0000000711800000| PB 0x0000000711800000| Complete |  0
| 108|0x0000000711a00000, 0x0000000711c00000, 0x0000000711c00000|100%| E|CS|TAMS 0x0000000711a00000| PB 0x0000000711a00000| Complete |  0
| 109|0x0000000711c00000, 0x0000000711e00000, 0x0000000711e00000|100%| E|CS|TAMS 0x0000000711c00000| PB 0x0000000711c00000| Complete |  0
| 110|0x0000000711e00000, 0x0000000712000000, 0x0000000712000000|100%| E|CS|TAMS 0x0000000711e00000| PB 0x0000000711e00000| Complete |  0
| 111|0x0000000712000000, 0x0000000712200000, 0x0000000712200000|100%| E|CS|TAMS 0x0000000712000000| PB 0x0000000712000000| Complete |  0
| 112|0x0000000712200000, 0x0000000712400000, 0x0000000712400000|100%| E|CS|TAMS 0x0000000712200000| PB 0x0000000712200000| Complete |  0
| 113|0x0000000712400000, 0x0000000712600000, 0x0000000712600000|100%| E|CS|TAMS 0x0000000712400000| PB 0x0000000712400000| Complete |  0
| 114|0x0000000712600000, 0x00000007127b3340, 0x0000000712800000| 85%| S|CS|TAMS 0x0000000712600000| PB 0x0000000712600000| Complete |  0
| 115|0x0000000712800000, 0x0000000712a00000, 0x0000000712a00000|100%| E|CS|TAMS 0x0000000712800000| PB 0x0000000712800000| Complete |  0
| 116|0x0000000712a00000, 0x0000000712c00000, 0x0000000712c00000|100%| E|CS|TAMS 0x0000000712a00000| PB 0x0000000712a00000| Complete |  0
| 117|0x0000000712c00000, 0x0000000712e00000, 0x0000000712e00000|100%| E|CS|TAMS 0x0000000712c00000| PB 0x0000000712c00000| Complete |  0
| 118|0x0000000712e00000, 0x0000000713000000, 0x0000000713000000|100%| E|CS|TAMS 0x0000000712e00000| PB 0x0000000712e00000| Complete |  0
| 119|0x0000000713000000, 0x0000000713200000, 0x0000000713200000|100%| E|CS|TAMS 0x0000000713000000| PB 0x0000000713000000| Complete |  0
| 120|0x0000000713200000, 0x0000000713400000, 0x0000000713400000|100%| E|CS|TAMS 0x0000000713200000| PB 0x0000000713200000| Complete |  0
| 121|0x0000000713400000, 0x0000000713600000, 0x0000000713600000|100%| E|  |TAMS 0x0000000713400000| PB 0x0000000713400000| Complete |  0
| 122|0x0000000713600000, 0x0000000713800000, 0x0000000713800000|100%| E|CS|TAMS 0x0000000713600000| PB 0x0000000713600000| Complete |  0
| 123|0x0000000713800000, 0x0000000713a00000, 0x0000000713a00000|100%| E|CS|TAMS 0x0000000713800000| PB 0x0000000713800000| Complete |  0
| 124|0x0000000713a00000, 0x0000000713c00000, 0x0000000713c00000|100%| E|CS|TAMS 0x0000000713a00000| PB 0x0000000713a00000| Complete |  0
| 125|0x0000000713c00000, 0x0000000713e00000, 0x0000000713e00000|100%| E|CS|TAMS 0x0000000713c00000| PB 0x0000000713c00000| Complete |  0

Card table byte_map: [0x000001b8523c0000,0x000001b852ba0000] _byte_map_base: 0x000001b84eb9f000

Marking Bits: (CMBitMap*) 0x000001b851a20100
 Bits: [0x000001b852ba0000, 0x000001b856a98000)

Polling page: 0x000001b838130000

Metaspace:

Usage:
  Non-class:     17.83 MB used.
      Class:      2.56 MB used.
       Both:     20.39 MB used.

Virtual space:
  Non-class space:       64.00 MB reserved,      18.12 MB ( 28%) committed,  1 nodes.
      Class space:        1.00 GB reserved,       2.81 MB ( <1%) committed,  1 nodes.
             Both:        1.06 GB reserved,      20.94 MB (  2%) committed. 

Chunk freelists:
   Non-Class:  13.33 MB
       Class:  13.23 MB
        Both:  26.56 MB

MaxMetaspaceSize: unlimited
CompressedClassSpaceSize: 1.00 GB
Initial GC threshold: 21.00 MB
Current GC threshold: 21.00 MB
CDS: on
 - commit_granule_bytes: 65536.
 - commit_granule_words: 8192.
 - virtual_space_node_default_size: 8388608.
 - enlarge_chunks_in_place: 1.
 - use_allocation_guard: 0.


Internal statistics:

num_allocs_failed_limit: 0.
num_arena_births: 680.
num_arena_deaths: 0.
num_vsnodes_births: 2.
num_vsnodes_deaths: 0.
num_space_committed: 334.
num_space_uncommitted: 0.
num_chunks_returned_to_freelist: 0.
num_chunks_taken_from_freelist: 1290.
num_chunk_merges: 0.
num_chunk_splits: 767.
num_chunks_enlarged: 396.
num_inconsistent_stats: 0.

CodeHeap 'non-profiled nmethods': size=120000Kb used=1374Kb max_used=1374Kb free=118625Kb
 bounds [0x000001b84a060000, 0x000001b84a2d0000, 0x000001b851590000]
CodeHeap 'profiled nmethods': size=120000Kb used=6892Kb max_used=6892Kb free=113107Kb
 bounds [0x000001b842590000, 0x000001b842c50000, 0x000001b849ac0000]
CodeHeap 'non-nmethods': size=5760Kb used=1730Kb max_used=1748Kb free=4030Kb
 bounds [0x000001b849ac0000, 0x000001b849d30000, 0x000001b84a060000]
 total_blobs=4079 nmethods=3467 adapters=515
 compilation: enabled
              stopped_count=0, restarted_count=0
 full_count=0

Compilation events (20 events):
Event: 28.468 Thread 0x000001b851bcf370 nmethod 3452 0x000001b84a1b6110 code [0x000001b84a1b62a0, 0x000001b84a1b6438]
Event: 28.468 Thread 0x000001b851bcf370 3453       4       java.util.StringJoiner::<init> (63 bytes)
Event: 28.468 Thread 0x000001b851bd6c90 3455   !   3       java.util.AbstractList$RandomAccessSpliterator::get (17 bytes)
Event: 28.468 Thread 0x000001b851bd6c90 nmethod 3455 0x000001b842c46310 code [0x000001b842c464c0, 0x000001b842c46710]
Event: 28.468 Thread 0x000001b851bd6c90 3457       3       java.util.Iterator::forEachRemaining (30 bytes)
Event: 28.469 Thread 0x000001b851bd6c90 nmethod 3457 0x000001b842c46890 code [0x000001b842c46a80, 0x000001b842c46ff0]
Event: 28.469 Thread 0x000001b851bd6c90 3458       3       jdk.internal.misc.Unsafe::shouldBeInitialized (18 bytes)
Event: 28.469 Thread 0x000001b851bd6c90 nmethod 3458 0x000001b842c47190 code [0x000001b842c47340, 0x000001b842c47580]
Event: 28.469 Thread 0x000001b851bd6c90 3456       3       java.util.AbstractList$RandomAccessSpliterator::checkAbstractListModCount (21 bytes)
Event: 28.469 Thread 0x000001b851bd6c90 nmethod 3456 0x000001b842c47690 code [0x000001b842c47840, 0x000001b842c47a10]
Event: 28.472 Thread 0x000001b851bd6c90 3460       3       sun.security.provider.ByteArrayAccess::i2bBig4 (10 bytes)
Event: 28.473 Thread 0x000001b851bd6c90 nmethod 3460 0x000001b842c47b10 code [0x000001b842c47d20, 0x000001b842c482d8]
Event: 28.473 Thread 0x000001b851bd6c90 3461       1       org.testng.internal.TestResult::getMethod (5 bytes)
Event: 28.473 Thread 0x000001b851bd6c90 nmethod 3461 0x000001b84a1b6510 code [0x000001b84a1b66a0, 0x000001b84a1b6770]
Event: 28.473 Thread 0x000001b851bd6c90 3462       1       sun.security.provider.DigestBase::engineGetDigestLength (5 bytes)
Event: 28.473 Thread 0x000001b851bd6c90 nmethod 3462 0x000001b84a1b6810 code [0x000001b84a1b69a0, 0x000001b84a1b6a68]
Event: 28.474 Thread 0x000001b851bcf370 nmethod 3453 0x000001b84a1b6b10 code [0x000001b84a1b6cc0, 0x000001b84a1b71e0]
Event: 28.474 Thread 0x000001b851bcf370 3459       4       sun.reflect.annotation.AnnotationInvocationHandler::memberValueToString (423 bytes)
Event: 28.474 Thread 0x000001b851bd6c90 3463       3       jdk.internal.net.http.common.Utils$$Lambda/0x000001b85b1ab538::run (12 bytes)
Event: 28.475 Thread 0x000001b851bd6c90 nmethod 3463 0x000001b842c48590 code [0x000001b842c48740, 0x000001b842c488e8]

GC Heap History (4 events):
Event: 2.170 GC heap before
{Heap before GC invocations=0 (full 0):
 garbage-first heap   total reserved 4126720K, committed 258048K, used 24576K [0x0000000704200000, 0x0000000800000000)
  region size 2048K, 12 young (24576K), 0 survivors (0K)
 Metaspace       used 6332K, committed 6656K, reserved 1114112K
  class space    used 670K, committed 832K, reserved 1048576K
}
Event: 2.182 GC heap after
{Heap after GC invocations=1 (full 0):
 garbage-first heap   total reserved 4126720K, committed 258048K, used 12629K [0x0000000704200000, 0x0000000800000000)
  region size 2048K, 2 young (4096K), 2 survivors (4096K)
 Metaspace       used 6332K, committed 6656K, reserved 1114112K
  class space    used 670K, committed 832K, reserved 1048576K
}
Event: 3.103 GC heap before
{Heap before GC invocations=1 (full 0):
 garbage-first heap   total reserved 4126720K, committed 258048K, used 35157K [0x0000000704200000, 0x0000000800000000)
  region size 2048K, 13 young (26624K), 2 survivors (4096K)
 Metaspace       used 10442K, committed 10816K, reserved 1114112K
  class space    used 1234K, committed 1408K, reserved 1048576K
}
Event: 3.109 GC heap after
{Heap after GC invocations=2 (full 0):
 garbage-first heap   total reserved 4126720K, committed 258048K, used 14551K [0x0000000704200000, 0x0000000800000000)
  region size 2048K, 1 young (2048K), 1 survivors (2048K)
 Metaspace       used 10442K, committed 10816K, reserved 1114112K
  class space    used 1234K, committed 1408K, reserved 1048576K
}

Dll operation events (13 events):
Event: 0.101 Loaded shared library C:\Users\61169\.jdks\openjdk-22\bin\java.dll
Event: 0.211 Loaded shared library C:\Users\61169\.jdks\openjdk-22\bin\jsvml.dll
Event: 0.803 Loaded shared library C:\Users\61169\.jdks\openjdk-22\bin\zip.dll
Event: 0.836 Loaded shared library C:\Users\61169\.jdks\openjdk-22\bin\instrument.dll
Event: 0.861 Loaded shared library C:\Users\61169\.jdks\openjdk-22\bin\net.dll
Event: 0.875 Loaded shared library C:\Users\61169\.jdks\openjdk-22\bin\nio.dll
Event: 0.888 Loaded shared library C:\Users\61169\.jdks\openjdk-22\bin\zip.dll
Event: 0.941 Loaded shared library C:\Users\61169\AppData\Local\JetBrains\IntelliJ IDEA Community Edition 2023.3.6\bin\breakgen64.dll
Event: 0.943 Loaded shared library C:\Users\61169\.jdks\openjdk-22\bin\jimage.dll
Event: 1.019 Loaded shared library C:\Users\61169\.jdks\openjdk-22\bin\extnet.dll
Event: 3.316 Loaded shared library C:\Users\61169\.jdks\openjdk-22\bin\management.dll
Event: 3.329 Loaded shared library C:\Users\61169\.jdks\openjdk-22\bin\management_ext.dll
Event: 6.202 Loaded shared library C:\Users\61169\.jdks\openjdk-22\bin\sunmscapi.dll

Deoptimization events (20 events):
Event: 6.449 Thread 0x000001b89fd82440 DEOPT PACKING pc=0x000001b84a1045c4 sp=0x00000010f4efd750
Event: 6.449 Thread 0x000001b89fd82ad0 Uncommon trap: trap_request=0xffffffde fr.pc=0x000001b84a1045c4 relative=0x00000000000005c4
Event: 6.449 Thread 0x000001b89fd82440 DEOPT UNPACKING pc=0x000001b849b17da2 sp=0x00000010f4efd730 mode 2
Event: 6.449 Thread 0x000001b89fd82ad0 Uncommon trap: reason=class_check action=maybe_recompile pc=0x000001b84a1045c4 method=java.util.regex.Matcher.search(I)Z @ 121 c2
Event: 6.449 Thread 0x000001b89fd82440 Uncommon trap: trap_request=0xffffff45 fr.pc=0x000001b84a13aff4 relative=0x0000000000000274
Event: 6.449 Thread 0x000001b89fd837f0 DEOPT PACKING pc=0x000001b84a1045c4 sp=0x00000010f4dfd0f0
Event: 6.449 Thread 0x000001b89fd83160 DEOPT PACKING pc=0x000001b84a1045c4 sp=0x00000010f4cfd4c0
Event: 6.449 Thread 0x000001b89fd82440 Uncommon trap: reason=unstable_if action=reinterpret pc=0x000001b84a13aff4 method=java.util.regex.Pattern$BmpCharProperty.match(Ljava/util/regex/Matcher;ILjava/lang/CharSequence;)Z @ 5 c2
Event: 6.449 Thread 0x000001b89fd837f0 DEOPT UNPACKING pc=0x000001b849b17da2 sp=0x00000010f4dfd0d0 mode 2
Event: 6.449 Thread 0x000001b89fd83160 DEOPT UNPACKING pc=0x000001b849b17da2 sp=0x00000010f4cfd4a0 mode 2
Event: 6.449 Thread 0x000001b89fd82ad0 DEOPT PACKING pc=0x000001b84a1045c4 sp=0x00000010f4ffd700
Event: 6.450 Thread 0x000001b89fd82ad0 DEOPT UNPACKING pc=0x000001b849b17da2 sp=0x00000010f4ffd6e0 mode 2
Event: 6.450 Thread 0x000001b89fd82440 DEOPT PACKING pc=0x000001b84a13aff4 sp=0x00000010f4efd630
Event: 6.450 Thread 0x000001b89fd82440 DEOPT UNPACKING pc=0x000001b849b17da2 sp=0x00000010f4efd5c8 mode 2
Event: 15.380 Thread 0x000001b89fc7f420 DEOPT PACKING pc=0x000001b8427372a5 sp=0x00000010f49fe9a0
Event: 15.380 Thread 0x000001b89fc7f420 DEOPT UNPACKING pc=0x000001b849b188e2 sp=0x00000010f49fde38 mode 0
Event: 26.622 Thread 0x000001b89fd83160 Uncommon trap: trap_request=0xffffffcc fr.pc=0x000001b84a19b80c relative=0x000000000000034c
Event: 26.622 Thread 0x000001b89fd83160 Uncommon trap: reason=intrinsic_or_type_checked_inlining action=make_not_entrant pc=0x000001b84a19b80c method=java.util.Arrays.copyOf([Ljava/lang/Object;ILjava/lang/Class;)[Ljava/lang/Object; @ 35 c2
Event: 26.622 Thread 0x000001b89fd83160 DEOPT PACKING pc=0x000001b84a19b80c sp=0x00000010f4cfee10
Event: 26.622 Thread 0x000001b89fd83160 DEOPT UNPACKING pc=0x000001b849b17da2 sp=0x00000010f4cfeda0 mode 2

Classes loaded (20 events):
Event: 15.171 Loading class sun/util/logging/resources/logging_en
Event: 15.171 Loading class sun/util/logging/resources/logging_en done
Event: 15.171 Loading class sun/util/logging/resources/logging_en_US
Event: 15.171 Loading class sun/util/logging/resources/logging_en_US done
Event: 15.171 Loading class sun/util/logging/resources/logging_en_US
Event: 15.171 Loading class sun/util/logging/resources/logging_en_US done
Event: 15.171 Loading class java/util/Formatter$DateTime
Event: 15.172 Loading class java/util/Formatter$DateTime done
Event: 15.172 Loading class java/time/ZonedDateTime$1
Event: 15.172 Loading class java/time/ZonedDateTime$1 done
Event: 19.717 Loading class java/net/URLEncoder
Event: 19.717 Loading class java/net/URLEncoder done
Event: 19.717 Loading class jdk/internal/util/ImmutableBitSetPredicate
Event: 19.718 Loading class jdk/internal/util/ImmutableBitSetPredicate done
Event: 19.718 Loading class jdk/internal/util/ImmutableBitSetPredicate$SmallImmutableBitSetPredicate
Event: 19.718 Loading class jdk/internal/util/ImmutableBitSetPredicate$SmallImmutableBitSetPredicate done
Event: 26.499 Loading class java/nio/file/FileVisitor
Event: 26.499 Loading class java/nio/file/FileVisitor done
Event: 28.470 Loading class java/util/concurrent/ConcurrentLinkedQueue$Itr
Event: 28.471 Loading class java/util/concurrent/ConcurrentLinkedQueue$Itr done

Classes unloaded (0 events):
No events

Classes redefined (6 events):
Event: 0.953 Thread 0x000001b851b9a710 redefined class name=java.io.FileOutputStream, count=1
Event: 0.958 Thread 0x000001b851b9a710 redefined class name=java.lang.ClassLoader, count=1
Event: 0.963 Thread 0x000001b851b9a710 redefined class name=java.nio.file.Files, count=1
Event: 0.967 Thread 0x000001b851b9a710 redefined class name=java.io.File, count=1
Event: 0.970 Thread 0x000001b851b9a710 redefined class name=java.net.URLStreamHandler, count=1
Event: 0.974 Thread 0x000001b851b9a710 redefined class name=java.lang.Thread, count=1

Internal exceptions (20 events):
Event: 7.739 Thread 0x000001b89f5a6830 Exception <a 'java/net/ConnectException'{0x00000007124710c0}: Connection refused: getsockopt> (0x00000007124710c0) 
thrown [s\open\src\hotspot\share\prims\jni.cpp, line 539]
Event: 7.740 Thread 0x000001b89f5a6830 Exception <a 'java/net/ConnectException'{0x0000000712471960}: Connection refused: getsockopt> (0x0000000712471960) 
thrown [s\open\src\hotspot\share\prims\jni.cpp, line 539]
Event: 7.741 Thread 0x000001b89f5a6830 Exception <a 'java/net/ConnectException'{0x0000000712472200}: Connection refused: getsockopt> (0x0000000712472200) 
thrown [s\open\src\hotspot\share\prims\jni.cpp, line 539]
Event: 7.771 Thread 0x000001b89fd82440 Exception <a 'java/lang/NoSuchMethodError'{0x0000000712dcc1a8}: 'java.lang.Object java.lang.invoke.DirectMethodHandle$Holder.invokeSpecial(java.lang.Object, java.lang.Object, java.lang.Object, int, int)'> (0x0000000712dcc1a8) 
thrown [s\open\src\hotspot\share\interpreter\linkResolver.cpp, line 774]
Event: 7.772 Thread 0x000001b89fd82440 Exception <a 'java/lang/NoSuchMethodError'{0x0000000712498398}: 'void java.lang.invoke.DirectMethodHandle$Holder.invokeStatic(java.lang.Object, java.lang.Object, int)'> (0x0000000712498398) 
thrown [s\open\src\hotspot\share\interpreter\linkResolver.cpp, line 774]
Event: 7.773 Thread 0x000001b89fd837f0 Exception <a 'java/lang/NoSuchMethodError'{0x000000071244bf90}: 'java.lang.Object java.lang.invoke.Invokers$Holder.linkToTargetMethod(java.lang.Object, int, int, java.lang.Object)'> (0x000000071244bf90) 
thrown [s\open\src\hotspot\share\interpreter\linkResolver.cpp, line 774]
Event: 7.831 Thread 0x000001b8a0fbd5e0 Exception <a 'java/lang/NoSuchMethodError'{0x00000007125798a0}: 'void java.lang.invoke.DirectMethodHandle$Holder.invokeStatic(java.lang.Object, java.lang.Object, java.lang.Object, java.lang.Object, java.lang.Object, java.lang.Object, java.lang.Object)'> (0x00000007125798a0) 
thrown [s\open\src\hotspot\share\interpreter\linkResolver.cpp, line 774]
Event: 7.875 Thread 0x000001b8a0fb8090 Exception <a 'java/lang/NoSuchMethodError'{0x000000071221f4b8}: 'java.lang.Object java.lang.invoke.DirectMethodHandle$Holder.invokeSpecial(java.lang.Object, java.lang.Object, java.lang.Object, java.lang.Object, int)'> (0x000000071221f4b8) 
thrown [s\open\src\hotspot\share\interpreter\linkResolver.cpp, line 774]
Event: 7.875 Thread 0x000001b8a0fbd5e0 Exception <a 'java/lang/NoSuchMethodError'{0x000000071224e448}: 'java.lang.Object java.lang.invoke.DirectMethodHandle$Holder.invokeSpecial(java.lang.Object, java.lang.Object, java.lang.Object, java.lang.Object, int)'> (0x000000071224e448) 
thrown [s\open\src\hotspot\share\interpreter\linkResolver.cpp, line 774]
Event: 7.875 Thread 0x000001b8a0fbd5e0 Exception <a 'java/lang/NoSuchMethodError'{0x0000000712251ba0}: 'java.lang.Object java.lang.invoke.Invokers$Holder.linkToTargetMethod(java.lang.Object, java.lang.Object, int, java.lang.Object)'> (0x0000000712251ba0) 
thrown [s\open\src\hotspot\share\interpreter\linkResolver.cpp, line 774]
Event: 7.875 Thread 0x000001b8a0fb8090 Exception <a 'java/lang/NoSuchMethodError'{0x0000000712222ae0}: 'java.lang.Object java.lang.invoke.Invokers$Holder.linkToTargetMethod(java.lang.Object, java.lang.Object, int, java.lang.Object)'> (0x0000000712222ae0) 
thrown [s\open\src\hotspot\share\interpreter\linkResolver.cpp, line 774]
Event: 7.907 Thread 0x000001b8a0fbd5e0 Exception <a 'java/lang/NoSuchMethodError'{0x00000007122c3ab0}: 'void java.lang.invoke.DirectMethodHandle$Holder.invokeSpecial(java.lang.Object, java.lang.Object, java.lang.Object, java.lang.Object, java.lang.Object)'> (0x00000007122c3ab0) 
thrown [s\open\src\hotspot\share\interpreter\linkResolver.cpp, line 774]
Event: 7.907 Thread 0x000001b8a0fb8090 Exception <a 'java/lang/NoSuchMethodError'{0x00000007122e9bb8}: 'void java.lang.invoke.DirectMethodHandle$Holder.invokeSpecial(java.lang.Object, java.lang.Object, java.lang.Object, java.lang.Object, java.lang.Object)'> (0x00000007122e9bb8) 
thrown [s\open\src\hotspot\share\interpreter\linkResolver.cpp, line 774]
Event: 14.394 Thread 0x000001b8a04ac870 Exception <a 'java/lang/NoSuchMethodError'{0x00000007121fa318}: 'java.lang.Object java.lang.invoke.DirectMethodHandle$Holder.newInvokeSpecial(java.lang.Object, java.lang.Object, long, java.lang.Object, java.lang.Object, java.lang.Object)'> (0x00000007121fa318) 
thrown [s\open\src\hotspot\share\interpreter\linkResolver.cpp, line 774]
Event: 14.399 Thread 0x000001b8a04ac870 Exception <a 'java/lang/NoSuchMethodError'{0x0000000711e10870}: 'void java.lang.invoke.DirectMethodHandle$Holder.invokeSpecial(java.lang.Object, java.lang.Object, java.lang.Object, java.lang.Object, java.lang.Object, java.lang.Object, java.lang.Object)'> (0x0000000711e10870) 
thrown [s\open\src\hotspot\share\interpreter\linkResolver.cpp, line 774]
Event: 14.413 Thread 0x000001b89fd82ad0 Exception <a 'java/lang/NoSuchMethodError'{0x0000000711e7fad8}: 'java.lang.Object java.lang.invoke.DirectMethodHandle$Holder.invokeSpecialIFC(java.lang.Object, java.lang.Object, java.lang.Object)'> (0x0000000711e7fad8) 
thrown [s\open\src\hotspot\share\interpreter\linkResolver.cpp, line 774]
Event: 15.171 Thread 0x000001b89fd82ad0 Exception <a 'java/lang/ClassNotFoundException'{0x0000000711a63118}: sun/util/logging/resources/spi/loggingProvider> (0x0000000711a63118) 
thrown [s\open\src\hotspot\share\classfile\systemDictionary.cpp, line 313]
Event: 18.491 Thread 0x000001b89fd82ad0 Exception <a 'java/lang/IncompatibleClassChangeError'{0x0000000711847338}: Found class java.lang.Object, but interface was expected> (0x0000000711847338) 
thrown [s\open\src\hotspot\share\interpreter\linkResolver.cpp, line 841]
Event: 18.492 Thread 0x000001b89fd82ad0 Exception <a 'java/lang/NoSuchMethodError'{0x0000000711849980}: 'void java.lang.invoke.DirectMethodHandle$Holder.invokeInterface(java.lang.Object, java.lang.Object)'> (0x0000000711849980) 
thrown [s\open\src\hotspot\share\interpreter\linkResolver.cpp, line 774]
Event: 18.511 Thread 0x000001b89fd82ad0 Exception <a 'java/lang/NoSuchMethodError'{0x0000000711876780}: 'void java.lang.invoke.DirectMethodHandle$Holder.invokeStaticInit(java.lang.Object, java.lang.Object)'> (0x0000000711876780) 
thrown [s\open\src\hotspot\share\interpreter\linkResolver.cpp, line 774]

ZGC Phase Switch (0 events):
No events

VM Operations (20 events):
Event: 19.410 Executing VM operation: Cleanup
Event: 19.410 Executing VM operation: Cleanup done
Event: 20.412 Executing VM operation: Cleanup
Event: 20.412 Executing VM operation: Cleanup done
Event: 21.427 Executing VM operation: Cleanup
Event: 21.427 Executing VM operation: Cleanup done
Event: 22.429 Executing VM operation: Cleanup
Event: 22.429 Executing VM operation: Cleanup done
Event: 23.430 Executing VM operation: Cleanup
Event: 23.430 Executing VM operation: Cleanup done
Event: 24.447 Executing VM operation: Cleanup
Event: 24.447 Executing VM operation: Cleanup done
Event: 25.456 Executing VM operation: Cleanup
Event: 25.456 Executing VM operation: Cleanup done
Event: 26.457 Executing VM operation: Cleanup
Event: 26.457 Executing VM operation: Cleanup done
Event: 27.460 Executing VM operation: Cleanup
Event: 27.460 Executing VM operation: Cleanup done
Event: 28.461 Executing VM operation: Cleanup
Event: 28.462 Executing VM operation: Cleanup done

Events (20 events):
Event: 7.941 Thread 0x000001b8a0fb8720 Thread added: 0x000001b8a0fb8720
Event: 7.942 Thread 0x000001b8a0fba160 Thread added: 0x000001b8a0fba160
Event: 7.995 Thread 0x000001b8a04ac1e0 Thread added: 0x000001b8a04ac1e0
Event: 7.996 Thread 0x000001b8a04ac870 Thread added: 0x000001b8a04ac870
Event: 8.015 Thread 0x000001b8a0c356f0 Thread exited: 0x000001b8a0c356f0
Event: 8.015 Thread 0x000001b8a04a93f0 Thread added: 0x000001b8a04a93f0
Event: 8.018 Thread 0x000001b8a04a86d0 Thread added: 0x000001b8a04a86d0
Event: 8.020 Thread 0x000001b8a04a8040 Thread added: 0x000001b8a04a8040
Event: 8.104 Thread 0x000001b8a04a79b0 Thread added: 0x000001b8a04a79b0
Event: 13.947 Thread 0x000001b89fc4a830 Thread exited: 0x000001b89fc4a830
Event: 14.513 Thread 0x000001b8a04a8d60 Thread added: 0x000001b8a04a8d60
Event: 14.514 Thread 0x000001b8a04a5f70 Thread added: 0x000001b8a04a5f70
Event: 14.778 Thread 0x000001b8a04aa110 Thread added: 0x000001b8a04aa110
Event: 14.894 Thread 0x000001b8a04acf00 Thread added: 0x000001b8a04acf00
Event: 14.894 Thread 0x000001b8a04a9a80 Thread added: 0x000001b8a04a9a80
Event: 14.895 Thread 0x000001b8a04aae30 Thread added: 0x000001b8a04aae30
Event: 15.082 Thread 0x000001b8a04ad590 Thread added: 0x000001b8a04ad590
Event: 15.204 Thread 0x000001b8a04aa7a0 Thread added: 0x000001b8a04aa7a0
Event: 22.842 Thread 0x000001b8a0fb6ce0 Thread exited: 0x000001b8a0fb6ce0
Event: 23.980 Thread 0x000001b89fc7f420 Thread exited: 0x000001b89fc7f420


Dynamic libraries:
0x00007ff662020000 - 0x00007ff66202e000 	C:\Users\61169\.jdks\openjdk-22\bin\java.exe
0x00007ff9d5cf0000 - 0x00007ff9d5f08000 	C:\WINDOWS\SYSTEM32\ntdll.dll
0x00007ff9d5a20000 - 0x00007ff9d5ae4000 	C:\WINDOWS\System32\KERNEL32.DLL
0x00007ff9d5650000 - 0x00007ff9d5a17000 	C:\WINDOWS\System32\KERNELBASE.dll
0x000000007d0e0000 - 0x000000007d11d000 	C:\WINDOWS\System32\cyinjct.dll
0x00007ff9d54e0000 - 0x00007ff9d54e9000 	C:\WINDOWS\System32\ntnativeapi.dll
0x00007ff9ae270000 - 0x00007ff9ae287000 	C:\Users\61169\.jdks\openjdk-22\bin\jli.dll
0x000001b837cb0000 - 0x000001b837e62000 	C:\WINDOWS\System32\USER32.dll
0x00007ff9d2ec0000 - 0x00007ff9d2ee6000 	C:\WINDOWS\System32\win32u.dll
0x00007ff9d4460000 - 0x00007ff9d4489000 	C:\WINDOWS\System32\GDI32.dll
0x00007ff9d2da0000 - 0x00007ff9d2ebb000 	C:\WINDOWS\System32\gdi32full.dll
0x00007ff9d3390000 - 0x00007ff9d342a000 	C:\WINDOWS\System32\msvcp_win.dll
0x000001b837e70000 - 0x000001b837f81000 	C:\WINDOWS\System32\ucrtbase.dll
0x00007ff9ad820000 - 0x00007ff9ad83b000 	C:\Users\61169\.jdks\openjdk-22\bin\VCRUNTIME140.dll
0x00007ff9b2b20000 - 0x00007ff9b2dbc000 	C:\WINDOWS\WinSxS\amd64_microsoft.windows.common-controls_6595b64144ccf1df_6.0.22621.6060_none_2712eda17382d24b\COMCTL32.dll
0x00007ff9d3f80000 - 0x00007ff9d4027000 	C:\WINDOWS\System32\msvcrt.dll
0x00007ff9d54b0000 - 0x00007ff9d54d4000 	C:\WINDOWS\System32\cyvera.dll
0x00007ff9d53e0000 - 0x00007ff9d54a3000 	C:\WINDOWS\System32\cyvrtrap.dll
0x00007ff9d3f40000 - 0x00007ff9d3f71000 	C:\WINDOWS\System32\IMM32.DLL
0x000001b838150000 - 0x000001b838166000 	C:\WINDOWS\System32\umppc20108.dll
0x00007ff9adc90000 - 0x00007ff9adc9c000 	C:\Users\61169\.jdks\openjdk-22\bin\vcruntime140_1.dll
0x00007ff9a1bd0000 - 0x00007ff9a1c5e000 	C:\Users\61169\.jdks\openjdk-22\bin\msvcp140.dll
0x00007ff905e00000 - 0x00007ff906b48000 	C:\Users\61169\.jdks\openjdk-22\bin\server\jvm.dll
0x00007ff9d40b0000 - 0x00007ff9d4161000 	C:\WINDOWS\System32\ADVAPI32.dll
0x00007ff9d43b0000 - 0x00007ff9d4458000 	C:\WINDOWS\System32\sechost.dll
0x00007ff9d3360000 - 0x00007ff9d3388000 	C:\WINDOWS\System32\bcrypt.dll
0x00007ff9d5530000 - 0x00007ff9d5648000 	C:\WINDOWS\System32\RPCRT4.dll
0x00007ff9d4170000 - 0x00007ff9d41e1000 	C:\WINDOWS\System32\WS2_32.dll
0x00007ff9d2aa0000 - 0x00007ff9d2aed000 	C:\WINDOWS\SYSTEM32\POWRPROF.dll
0x00007ff9c6520000 - 0x00007ff9c6554000 	C:\WINDOWS\SYSTEM32\WINMM.dll
0x00007ff9c4e80000 - 0x00007ff9c4e8a000 	C:\WINDOWS\SYSTEM32\VERSION.dll
0x00007ff9d2980000 - 0x00007ff9d2993000 	C:\WINDOWS\SYSTEM32\UMPDC.dll
0x00007ff9d1b40000 - 0x00007ff9d1b58000 	C:\WINDOWS\SYSTEM32\kernel.appcore.dll
0x00007ff9ad4f0000 - 0x00007ff9ad4fa000 	C:\Users\61169\.jdks\openjdk-22\bin\jimage.dll
0x00007ff9d0540000 - 0x00007ff9d0773000 	C:\WINDOWS\SYSTEM32\DBGHELP.DLL
0x00007ff9d4f40000 - 0x00007ff9d52d1000 	C:\WINDOWS\System32\combase.dll
0x00007ff9d4d50000 - 0x00007ff9d4e28000 	C:\WINDOWS\System32\OLEAUT32.dll
0x00007ff9abdc0000 - 0x00007ff9abdf2000 	C:\WINDOWS\SYSTEM32\dbgcore.DLL
0x00007ff9d31a0000 - 0x00007ff9d321b000 	C:\WINDOWS\System32\bcryptPrimitives.dll
0x00007ff9ad4e0000 - 0x00007ff9ad4ef000 	C:\Users\61169\.jdks\openjdk-22\bin\instrument.dll
0x00007ff9a9dc0000 - 0x00007ff9a9dde000 	C:\Users\61169\.jdks\openjdk-22\bin\java.dll
0x00007ff9d35e0000 - 0x00007ff9d3e7c000 	C:\WINDOWS\System32\SHELL32.dll
0x00007ff9d3220000 - 0x00007ff9d335f000 	C:\WINDOWS\System32\wintypes.dll
0x00007ff9d3430000 - 0x00007ff9d35d1000 	C:\WINDOWS\System32\ole32.dll
0x00007ff9d53a0000 - 0x00007ff9d53de000 	C:\Program Files\Palo Alto Networks\Traps\cyjagent.dll
0x00007ff9d0880000 - 0x00007ff9d119a000 	C:\WINDOWS\SYSTEM32\windows.storage.dll
0x00007ff9d41f0000 - 0x00007ff9d42f4000 	C:\WINDOWS\System32\SHCORE.dll
0x00007ff9d4490000 - 0x00007ff9d44f9000 	C:\WINDOWS\System32\shlwapi.dll
0x00007ff9d2bb0000 - 0x00007ff9d2bd5000 	C:\WINDOWS\SYSTEM32\profapi.dll
0x00007ff9a1af0000 - 0x00007ff9a1bc7000 	C:\Users\61169\.jdks\openjdk-22\bin\jsvml.dll
0x00007ff9a9bf0000 - 0x00007ff9a9c07000 	C:\Users\61169\.jdks\openjdk-22\bin\zip.dll
0x00007ff9ad3d0000 - 0x00007ff9ad3e0000 	C:\Users\61169\.jdks\openjdk-22\bin\net.dll
0x00007ff9d2130000 - 0x00007ff9d2199000 	C:\WINDOWS\system32\mswsock.dll
0x00007ff9a9ae0000 - 0x00007ff9a9af6000 	C:\Users\61169\.jdks\openjdk-22\bin\nio.dll
0x00007ff9a1880000 - 0x00007ff9a189a000 	C:\Users\61169\AppData\Local\JetBrains\IntelliJ IDEA Community Edition 2023.3.6\bin\breakgen64.dll
0x00007ff9aa420000 - 0x00007ff9aa429000 	C:\Users\61169\.jdks\openjdk-22\bin\extnet.dll
0x00007ff9d23d0000 - 0x00007ff9d23eb000 	C:\WINDOWS\SYSTEM32\CRYPTSP.dll
0x00007ff9d1aa0000 - 0x00007ff9d1ad7000 	C:\WINDOWS\system32\rsaenh.dll
0x00007ff9d21d0000 - 0x00007ff9d21f8000 	C:\WINDOWS\SYSTEM32\USERENV.dll
0x00007ff9d23b0000 - 0x00007ff9d23bc000 	C:\WINDOWS\SYSTEM32\CRYPTBASE.dll
0x00007ff9d13f0000 - 0x00007ff9d141d000 	C:\WINDOWS\SYSTEM32\IPHLPAPI.DLL
0x00007ff9d4500000 - 0x00007ff9d4509000 	C:\WINDOWS\System32\NSI.dll
0x00007ff9d1420000 - 0x00007ff9d1518000 	C:\WINDOWS\SYSTEM32\DNSAPI.dll
0x00007ff9c48d0000 - 0x00007ff9c48da000 	C:\Windows\System32\rasadhlp.dll
0x00007ff9c5aa0000 - 0x00007ff9c5b24000 	C:\WINDOWS\System32\fwpuclnt.dll
0x00007ff9a9e00000 - 0x00007ff9a9e0a000 	C:\Users\61169\.jdks\openjdk-22\bin\management.dll
0x00007ff9a9980000 - 0x00007ff9a998b000 	C:\Users\61169\.jdks\openjdk-22\bin\management_ext.dll
0x00007ff9d4700000 - 0x00007ff9d4708000 	C:\WINDOWS\System32\PSAPI.DLL
0x00007ff9a71e0000 - 0x00007ff9a71ee000 	C:\Users\61169\.jdks\openjdk-22\bin\sunmscapi.dll
0x00007ff9d2ef0000 - 0x00007ff9d3058000 	C:\WINDOWS\System32\CRYPT32.dll
0x00007ff9d2480000 - 0x00007ff9d24ae000 	C:\WINDOWS\SYSTEM32\ncrypt.dll
0x00007ff9d2420000 - 0x00007ff9d2457000 	C:\WINDOWS\SYSTEM32\NTASN1.dll
0x00007ff9c7a20000 - 0x00007ff9c7a28000 	C:\WINDOWS\system32\wshunix.dll

dbghelp: loaded successfully - version: 4.0.5 - missing functions: none
symbol engine: initialized successfully - sym options: 0x614 - pdb path: .;C:\Users\61169\.jdks\openjdk-22\bin;C:\WINDOWS\SYSTEM32;C:\WINDOWS\WinSxS\amd64_microsoft.windows.common-controls_6595b64144ccf1df_6.0.22621.6060_none_2712eda17382d24b;C:\Users\61169\.jdks\openjdk-22\bin\server;C:\Program Files\Palo Alto Networks\Traps;C:\Users\61169\AppData\Local\JetBrains\IntelliJ IDEA Community Edition 2023.3.6\bin

VM Arguments:
jvm_args: -ea --enable-preview -Didea.test.cyclic.buffer.size=1048576 -javaagent:C:\Users\61169\AppData\Local\JetBrains\IntelliJ IDEA Community Edition 2023.3.6\lib\idea_rt.jar=50102:C:\Users\61169\AppData\Local\JetBrains\IntelliJ IDEA Community Edition 2023.3.6\bin -Dfile.encoding=UTF-8 -Dsun.stdout.encoding=UTF-8 -Dsun.stderr.encoding=UTF-8 -agentpath:C:\Program Files\Palo Alto Networks\Traps\cyjagent.dll 
java_command: com.intellij.rt.testng.RemoteTestNGStarter -usedefaultlisteners false -socket50101 @w@C:\Users\61169\AppData\Local\Temp\idea_working_dirs_testng.tmp -temp C:\Users\61169\AppData\Local\Temp\idea_testng.tmp
java_class_path (initial): C:\Users\61169\AppData\Local\JetBrains\IntelliJ IDEA Community Edition 2023.3.6\lib\idea_rt.jar;C:\Users\61169\AppData\Local\JetBrains\IntelliJ IDEA Community Edition 2023.3.6\plugins\testng\lib\testng-rt.jar;C:\Users\61169\IdeaProjects\SeleniumE2EFramework\target\test-classes;C:\Users\61169\IdeaProjects\SeleniumE2EFramework\target\classes;C:\Users\61169\.m2\repository\org\seleniumhq\selenium\selenium-java\4.34.0\selenium-java-4.34.0.jar;C:\Users\61169\.m2\repository\org\seleniumhq\selenium\selenium-api\4.34.0\selenium-api-4.34.0.jar;C:\Users\61169\.m2\repository\org\jspecify\jspecify\1.0.0\jspecify-1.0.0.jar;C:\Users\61169\.m2\repository\org\seleniumhq\selenium\selenium-chrome-driver\4.34.0\selenium-chrome-driver-4.34.0.jar;C:\Users\61169\.m2\repository\com\google\auto\service\auto-service-annotations\1.1.1\auto-service-annotations-1.1.1.jar;C:\Users\61169\.m2\repository\org\seleniumhq\selenium\selenium-chromium-driver\4.34.0\selenium-chromium-driver-4.34.0.jar;C:\Users\61169\.m2\repository\org\seleniumhq\selenium\selenium-json\4.34.0\selenium-json-4.34.0.jar;C:\Users\61169\.m2\repository\org\seleniumhq\selenium\selenium-manager\4.34.0\selenium-manager-4.34.0.jar;C:\Users\61169\.m2\repository\org\seleniumhq\selenium\selenium-devtools-v136\4.34.0\selenium-devtools-v136-4.34.0.jar;C:\Users\61169\.m2\repository\org\seleniumhq\selenium\selenium-devtools-v137\4.34.0\selenium-devtools-v137-4.34.0.jar;C:\Users\61169\.m2\repository\org\seleniumhq\selenium\selenium-devtools-v138\4.34.0\selenium-devtools-v138-4.34.0.jar;C:\Users\61169\.m2\repository\org\seleniumhq\selenium\selenium-edge-driver\4.34.0\selenium-edge-driver-4.34.0.jar;C:\Users\61169\.m2\repository\org\seleniumhq\selenium\selenium-firefox-driver\4.34.0\selenium-firefox-driver-4.34.0.jar;C:\Users\61169\.m2\repository\org\seleniumhq\selenium\selenium-http\4.34.0\selenium-http-4.34.0.jar;C:\Users\61169\.m2\repository\org\seleniumhq\selenium\selenium-ie-driver\4.34.0\selenium-ie-driver-4.34.0.jar;C:\Users\61169\.m2\repository\org\seleniumhq\selenium\selenium-remote-driver\4.34.0\selenium-remote-driver-4.34.0.jar;C:\Users\61169\.m2\repository\com\google\guava\guava\33.4.8-jre\guava-33.4.8-jre.jar;C:\Users\61169\.m2\repository\com\google\guava\failureaccess\1.0.3\failureaccess-1.0.3.jar;C:\Users\61169\.m2\repository\com\google\guava\listenablefuture\9999.0-empty-to-avoid-conflict-with-guava\listenablefuture-9999.0-empty-to-avoid-conflict-with-guava.jar;C:\Users\61169\.m2\repository\com\google\errorprone\error_prone_annotations\2.36.0\error_prone_annotations-2.36.0.jar;C:\Users\61169\.m2\repository\com\google\j2objc\j2objc-annotations\3.0.0\j2objc-annotations-3.0.0.jar;C:\Users\61169\.m2\repository\io\opentelemetry\opentelemetry-api\1.51.0\opentelemetry-api-1.51.0.jar;C:\Users\61169\.m2\repository\io\opentelemetry\opentelemetry-context\1.51.0\opentelemetry-context-1.51.0.jar;C:\Users\61169\.m2\repository\io\opentelemetry\opentelemetry-exporter-logging\1.51.0\opentelemetry-exporter-logging-1.51.0.jar;C:\Users\61169\.m2\repository\io\opentelemetry\opentelemetry-sdk-common\1.51.0\opentelemetry-sdk-common-1.51.0.jar;C:\Users\61169\.m2\repository\io\opentelemetry\opentelemetry-sdk-extension-autoconfigure-spi\1.51.0\opentelemetry-sdk-extension-autoconfigure-spi-1.51.0.jar;C:\Users\61169\.m2\repository\io\opentelemetry\opentelemetry-sdk-extension-autoconfigure\1.51.0\opentelemetry-sdk-extension-autoconfigure-1.51.0.jar;C:\Users\61169\.m2\repository\io\opentelemetry\opentelemetry-sdk-trace\1.51.0\opentelemetry-sdk-trace-1.51.0.jar;C:\Users\61169\.m2\repository\io\opentelemetry\opentelemetry-sdk\1.51.0\opentelemetry-sdk-1.51.0.jar;C:\Users\61169\.m2\repository\io\opentelemetry\opentelemetry-sdk-metrics\1.51.0\opentelemetry-sdk-metrics-1.51.0.jar;C:\Users\61169\.m2\repository\io\opentelemetry\opentelemetry-sdk-logs\1.51.0\opentelemetry-sdk-logs-1.51.0.jar;C:\Users\61169\.m2\repository\net\bytebuddy\byte-buddy\1.17.6\byte-buddy-1.17.6.jar;C:\Users\61169\.m2\repository\org\seleniumhq\selenium\selenium-os\4.34.0\selenium-os-4.34.0.jar;C:\Users\61169\.m2\repository\org\apache\commons\commons-exec\1.5.0\commons-exec-1.5.0.jar;C:\Users\61169\.m2\repository\org\seleniumhq\selenium\selenium-safari-driver\4.34.0\selenium-safari-driver-4.34.0.jar;C:\Users\61169\.m2\repository\org\seleniumhq\selenium\selenium-support\4.34.0\selenium-support-4.34.0.jar;C:\Users\61169\.m2\repository\org\testng\testng\7.11.0\testng-7.11.0.jar;C:\Users\61169\.m2\repository\org\slf4j\slf4j-api\2.0.16\slf4j-api-2.0.16.jar;C:\Users\61169\.m2\repository\org\jcommander\jcommander\1.83\jcommander-1.83.jar;C:\Users\61169\.m2\repository\org\webjars\jquery\3.7.1\jquery-3.7.1.jar;C:\Users\61169\.m2\repository\org\apache\poi\poi\5.4.1\poi-5.4.1.jar;C:\Users\61169\.m2\repository\commons-codec\commons-codec\1.18.0\commons-codec-1.18.0.jar;C:\Users\61169\.m2\repository\org\apache\commons\commons-collections4\4.4\commons-collections4-4.4.jar;C:\Users\61169\.m2\repository\org\apache\commons\commons-math3\3.6.1\commons-math3-3.6.1.jar;C:\Users\61169\.m2\repository\commons-io\commons-io\2.18.0\commons-io-2.18.0.jar;C:\Users\61169\.m2\repository\com\zaxxer\SparseBitSet\1.3\SparseBitSet-1.3.jar;C:\Users\61169\.m2\repository\org\apache\logging\log4j\log4j-api\2.24.3\log4j-api-2.24.3.jar;C:\Users\61169\.m2\repository\org\apache\poi\poi-ooxml\5.4.1\poi-ooxml-5.4.1.jar;C:\Users\61169\.m2\repository\org\apache\poi\poi-ooxml-lite\5.4.1\poi-ooxml-lite-5.4.1.jar;C:\Users\61169\.m2\repository\org\apache\xmlbeans\xmlbeans\5.3.0\xmlbeans-5.3.0.jar;C:\Users\61169\.m2\repository\org\apache\commons\commons-compress\1.27.1\commons-compress-1.27.1.jar;C:\Users\61169\.m2\repository\com\github\virtuald\curvesapi\1.08\curvesapi-1.08.jar;C:\Users\61169\.m2\repository\org\apache\poi\poi-ooxml-schemas\4.1.2\poi-ooxml-schemas-4.1.2.jar;C:\Users\61169\.m2\repository\org\apache\poi\poi-ooxml-full\5.4.1\poi-ooxml-full-5.4.1.jar;C:\Users\61169\.m2\repository\org\apache\poi\poi-scratchpad\5.4.1\poi-scratchpad-5.4.1.jar;C:\Users\61169\.m2\repository\com\opencsv\opencsv\5.10\opencsv-5.10.jar;C:\Users\61169\.m2\repository\org\apache\commons\commons-lang3\3.17.0\commons-lang3-3.17.0.jar;C:\Users\61169\.m2\repository\org\apache\commons\commons-text\1.13.0\commons-text-1.13.0.jar;C:\Users\61169\.m2\repository\commons-beanutils\commons-beanutils\1.10.0\commons-beanutils-1.10.0.jar;C:\Users\61169\.m2\repository\commons-logging\commons-logging\1.3.4\commons-logging-1.3.4.jar;C:\Users\61169\.m2\repository\commons-collections\commons-collections\3.2.2\commons-collections-3.2.2.jar;C:\Users\61169\.m2\repository\com\aventstack\chaintest-testng\1.0.12\chaintest-testng-1.0.12.jar;C:\Users\61169\.m2\repository\com\aventstack\chaintest-core\1.0.12\chaintest-core-1.0.12.jar;C:\Users\61169\.m2\repository\com\fasterxml\jackson\core\jackson-databind\2.18.0\jackson-databind-2.18.0.jar;C:\Users\61169\.m2\repository\com\fasterxml\jackson\core\jackson-annotations\2.18.0\jackson-annotations-2.18.0.jar;C:\Users\61169\.m2\repository\com\fasterxml\jackson\core\jackson-core\2.18.0\jackson-core-2.18.0.jar;C:\Users\61169\.m2\repository\org\yaml\snakeyaml\2.3\snakeyaml-2.3.jar;C:\Users\61169\.m2\repository\org\freemarker\freemarker\2.3.33\freemarker-2.3.33.jar;C:\Users\61169\.m2\repository\com\azure\azure-storage-blob\12.28.0\azure-storage-blob-12.28.0.jar;C:\Users\61169\.m2\repository\com\azure\azure-core\1.52.0\azure-core-1.52.0.jar;C:\Users\61169\.m2\repository\com\fasterxml\jackson\datatype\jackson-datatype-jsr310\2.17.2\jackson-datatype-jsr310-2.17.2.jar;C:\Users\61169\.m2\repository\io\projectreactor\reactor-core\3.4.38\reactor-core-3.4.38.jar;C:\Users\61169\.m2\repository\com\azure\azure-core-http-netty\1.15.4\azure-core-http-netty-1.15.4.jar;C:\Users\61169\.m2\repository\io\netty\netty-handler\4.1.110.Final\netty-handler-4.1.110.Final.jar;C:\Users\61169\.m2\repository\io\netty\netty-handler-proxy\4.1.110.Final\netty-handler-proxy-4.1.110.Final.jar;C:\Users\61169\.m2\repository\io\netty\netty-codec-socks\4.1.110.Final\netty-codec-socks-4.1.110.Final.jar;C:\Users\61169\.m2\repository\io\netty\netty-buffer\4.1.110.Final\netty-buffer-4.1.110.Final.jar;C:\Users\61169\.m2\repository\io\netty\netty-codec\4.1.110.Final\netty-codec-4.1.110.Final.jar;C:\Users\61169\.m2\repository\io\netty\netty-codec-http\4.1.110.Final\netty-codec-http-4.1.110.Final.jar;C:\Users\61169\.m2\repository\io\netty\netty-codec-http2\4.1.110.Final\netty-codec-http2-4.1.110.Final.jar;C:\Users\61169\.m2\repository\io\netty\netty-transport-native-unix-common\4.1.110.Final\netty-transport-native-unix-common-4.1.110.Final.jar;C:\Users\61169\.m2\repository\io\netty\netty-transport-native-epoll\4.1.110.Final\netty-transport-native-epoll-4.1.110.Final-linux-x86_64.jar;C:\Users\61169\.m2\repository\io\netty\netty-transport-native-kqueue\4.1.110.Final\netty-transport-native-kqueue-4.1.110.Final-osx-x86_64.jar;C:\Users\61169\.m2\repository\io\netty\netty-transport-classes-kqueue\4.1.110.Final\netty-transport-classes-kqueue-4.1.110.Final.jar;C:\Users\61169\.m2\repository\io\netty\netty-tcnative-boringssl-static\2.0.65.Final\netty-tcnative-boringssl-static-2.0.65.Final.jar;C:\Users\61169\.m2\repository\io\netty\netty-tcnative-classes\2.0.65.Final\netty-tcnative-classes-2.0.65.Final.jar;C:\Users\61169\.m2\repository\io\netty\netty-tcnative-boringssl-static\2.0.65.Final\netty-tcnative-boringssl-static-2.0.65.Final-linux-x86_64.jar;C:\Users\61169\.m2\repository\io\netty\netty-tcnative-boringssl-static\2.0.65.Final\netty-tcnative-boringssl-static-2.0.65.Final-linux-aarch_64.jar;C:\Users\61169\.m2\repository\io\netty\netty-tcnative-boringssl-static\2.0.65.Final\netty-tcnative-boringssl-static-2.0.65.Final-osx-x86_64.jar;C:\Users\61169\.m2\repository\io\netty\netty-tcnative-boringssl-static\2.0.65.Final\netty-tcnative-boringssl-static-2.0.65.Final-osx-aarch_64.jar;C:\Users\61169\.m2\repository\io\netty\netty-tcnative-boringssl-static\2.0.65.Final\netty-tcnative-boringssl-static-2.0.65.Final-windows-x86_64.jar;C:\Users\61169\.m2\repository\io\projectreactor\netty\reactor-netty-http\1.0.45\reactor-netty-http-1.0.45.jar;C:\Users\61169\.m2\repository\io\netty\netty-resolver-dns\4.1.109.Final\netty-resolver-dns-4.1.109.Final.jar;C:\Users\61169\.m2\repository\io\netty\netty-codec-dns\4.1.109.Final\netty-codec-dns-4.1.109.Final.jar;C:\Users\61169\.m2\repository\io\netty\netty-resolver-dns-native-macos\4.1.109.Final\netty-resolver-dns-native-macos-4.1.109.Final-osx-x86_64.jar;C:\Users\61169\.m2\repository\io\netty\netty-resolver-dns-classes-macos\4.1.109.Final\netty-resolver-dns-classes-macos-4.1.109.Final.jar;C:\Users\61169\.m2\repository\io\projectreactor\netty\reactor-netty-core\1.0.45\reactor-netty-core-1.0.45.jar;C:\Users\61169\.m2\repository\io\netty\netty-common\4.1.110.Final\netty-common-4.1.110.Final.jar;C:\Users\61169\.m2\repository\com\azure\azure-storage-internal-avro\12.13.0\azure-storage-internal-avro-12.13.0.jar;C:\Users\61169\.m2\repository\com\azure\azure-xml\1.1.0\azure-xml-1.1.0.jar;C:\Users\61169\.m2\repository\com\azure\azure-storage-common\12.28.0\azure-storage-common-12.28.0.jar;C:\Users\61169\.m2\repository\com\azure\azure-identity\1.13.3\azure-identity-1.13.3.jar;C:\Users\61169\.m2\repository\com\azure\azure-json\1.3.0\azure-json-1.3.0.jar;C:\Users\61169\.m2\repository\com\microsoft\azure\msal4j\1.17.1\msal4j-1.17.1.jar;C:\Users\61169\.m2\repository\com\nimbusds\oauth2-oidc-sdk\11.18\oauth2-oidc-sdk-11.18.jar;C:\Users\61169\.m2\repository\com\github\stephenc\jcip\jcip-annotations\1.0-1\jcip-annotations-1.0-1.jar;C:\Users\61169\.m2\repository\com\nimbusds\content-type\2.3\content-type-2.3.jar;C:\Users\61169\.m2\repository\com\nimbusds\lang-tag\1.7\lang-tag-1.7.jar;C:\Users\61169\.m2\repository\com\nimbusds\nimbus-jose-jwt\9.40\nimbus-jose-jwt-9.40.jar;C:\Users\61169\.m2\repository\net\minidev\json-smart\2.5.0\json-smart-2.5.0.jar;C:\Users\61169\.m2\repository\net\minidev\accessors-smart\2.5.0\accessors-smart-2.5.0.jar;C:\Users\61169\.m2\repository\org\ow2\asm\asm\9.3\asm-9.3.jar;C:\Users\61169\.m2\repository\com\microsoft\azure\msal4j-persistence-extension\1.3.0\msal4j-persistence-extension-1.3.0.jar;C:\Users\61169\.m2\repository\net\java\dev\jna\jna\5.13.0\jna-5.13.0.jar;C:\Users\61169\.m2\repository\net\java\dev\jna\jna-platform\5.6.0\jna-platform-5.6.0.jar;C:\Users\61169\.m2\repository\software\amazon\awssdk\s3\2.29.39\s3-2.29.39.jar;C:\Users\61169\.m2\repository\software\amazon\awssdk\aws-xml-protocol\2.29.39\aws-xml-protocol-2.29.39.jar;C:\Users\61169\.m2\repository\software\amazon\awssdk\aws-query-protocol\2.29.39\aws-query-protocol-2.29.39.jar;C:\Users\61169\.m2\repository\software\amazon\awssdk\protocol-core\2.29.39\protocol-core-2.29.39.jar;C:\Users\61169\.m2\repository\software\amazon\awssdk\arns\2.29.39\arns-2.29.39.jar;C:\Users\61169\.m2\repository\software\amazon\awssdk\profiles\2.29.39\profiles-2.29.39.jar;C:\Users\61169\.m2\repository\software\amazon\awssdk\crt-core\2.29.39\crt-core-2.29.39.jar;C:\Users\61169\.m2\repository\software\amazon\awssdk\http-auth\2.29.39\http-auth-2.29.39.jar;C:\Users\61169\.m2\repository\software\amazon\awssdk\identity-spi\2.29.39\identity-spi-2.29.39.jar;C:\Users\61169\.m2\repository\software\amazon\awssdk\http-auth-spi\2.29.39\http-auth-spi-2.29.39.jar;C:\Users\61169\.m2\repository\org\reactivestreams\reactive-streams\1.0.4\reactive-streams-1.0.4.jar;C:\Users\61169\.m2\repository\software\amazon\awssdk\http-auth-aws\2.29.39\http-auth-aws-2.29.39.jar;C:\Users\61169\.m2\repository\software\amazon\awssdk\checksums\2.29.39\checksums-2.29.39.jar;C:\Users\61169\.m2\repository\software\amazon\awssdk\checksums-spi\2.29.39\checksums-spi-2.29.39.jar;C:\Users\61169\.m2\repository\software\amazon\awssdk\retries-spi\2.29.39\retries-spi-2.29.39.jar;C:\Users\61169\.m2\repository\software\amazon\awssdk\sdk-core\2.29.39\sdk-core-2.29.39.jar;C:\Users\61169\.m2\repository\software\amazon\awssdk\retries\2.29.39\retries-2.29.39.jar;C:\Users\61169\.m2\repository\software\amazon\awssdk\auth\2.29.39\auth-2.29.39.jar;C:\Users\61169\.m2\repository\software\amazon\awssdk\http-auth-aws-eventstream\2.29.39\http-auth-aws-eventstream-2.29.39.jar;C:\Users\61169\.m2\repository\software\amazon\eventstream\eventstream\1.0.1\eventstream-1.0.1.jar;C:\Users\61169\.m2\repository\software\amazon\awssdk\http-client-spi\2.29.39\http-client-spi-2.29.39.jar;C:\Users\61169\.m2\repository\software\amazon\awssdk\regions\2.29.39\regions-2.29.39.jar;C:\Users\61169\.m2\repository\software\amazon\awssdk\annotations\2.29.39\annotations-2.29.39.jar;C:\Users\61169\.m2\repository\software\amazon\awssdk\utils\2.29.39\utils-2.29.39.jar;C:\Users\61169\.m2\repository\software\amazon\awssdk\aws-core\2.29.39\aws-core-2.29.39.jar;C:\Users\61169\.m2\repository\software\amazon\awssdk\metrics-spi\2.29.39\metrics-spi-2.29.39.jar;C:\Users\61169\.m2\repository\software\amazon\awssdk\json-utils\2.29.39\json-utils-2.29.39.jar;C:\Users\61169\.m2\repository\software\amazon\awssdk\third-party-jackson-core\2.29.39\third-party-jackson-core-2.29.39.jar;C:\Users\61169\.m2\repository\software\amazon\awssdk\endpoints-spi\2.29.39\endpoints-spi-2.29.39.jar;C:\Users\61169\.m2\repository\software\amazon\awssdk\netty-nio-client\2.29.39\netty-nio-client-2.29.39.jar;C:\Users\61169\.m2\repository\io\netty\netty-transport\4.1.115.Final\netty-transport-4.1.115.Final.jar;C:\Users\61169\.m2\repository\io\netty\netty-transport-classes-epoll\4.1.115.Final\netty-transport-classes-epoll-4.1.115.Final.jar;C:\Users\61169\.m2\repository\io\netty\netty-resolver\4.1.115.Final\netty-resolver-4.1.115.Final.jar;C:\Users\61169\.m2\repository\software\amazon\awssdk\apache-client\2.29.39\apache-client-2.29.39.jar;C:\Users\61169\.m2\repository\org\apache\httpcomponents\httpclient\4.5.13\httpclient-4.5.13.jar;C:\Users\61169\.m2\repository\org\apache\httpcomponents\httpcore\4.4.16\httpcore-4.4.16.jar
Launcher Type: SUN_STANDARD

[Global flags]
     intx CICompilerCount                          = 4                                         {product} {ergonomic}
     uint ConcGCThreads                            = 2                                         {product} {ergonomic}
     uint G1ConcRefinementThreads                  = 8                                         {product} {ergonomic}
   size_t G1HeapRegionSize                         = 2097152                                   {product} {ergonomic}
   size_t InitialHeapSize                          = 264241152                                 {product} {ergonomic}
   size_t MarkStackSize                            = 4194304                                   {product} {ergonomic}
   size_t MaxHeapSize                              = 4225761280                                {product} {ergonomic}
   size_t MaxNewSize                               = 2535456768                                {product} {ergonomic}
   size_t MinHeapDeltaBytes                        = 2097152                                   {product} {ergonomic}
   size_t MinHeapSize                              = 8388608                                   {product} {ergonomic}
    uintx NonNMethodCodeHeapSize                   = 5839372                                {pd product} {ergonomic}
    uintx NonProfiledCodeHeapSize                  = 122909434                              {pd product} {ergonomic}
    uintx ProfiledCodeHeapSize                     = 122909434                              {pd product} {ergonomic}
    uintx ReservedCodeCacheSize                    = 251658240                              {pd product} {ergonomic}
     bool SegmentedCodeCache                       = true                                      {product} {ergonomic}
   size_t SoftMaxHeapSize                          = 4225761280                             {manageable} {ergonomic}
     bool UseCompressedOops                        = true                           {product lp64_product} {ergonomic}
     bool UseG1GC                                  = true                                      {product} {ergonomic}
     bool UseLargePagesIndividualAllocation        = false                                  {pd product} {ergonomic}

Logging:
Log output configuration:
 #0: stdout all=warning uptime,level,tags foldmultilines=false
 #1: stderr all=off uptime,level,tags foldmultilines=false

Environment Variables:
PATH=C:\Program Files\OpenLogic\jdk-17.0.7.7-hotspot\bin;C:\WINDOWS\system32;C:\WINDOWS;C:\WINDOWS\System32\Wbem;C:\WINDOWS\System32\WindowsPowerShell\v1.0\;C:\WINDOWS\System32\OpenSSH\;C:\Program Files (x86)\Webex\Plugins;C:\Users\61169\AppData\Local\Programs\Python\Launcher\;C:\Users\61169\AppData\Local\Microsoft\WindowsApps;;C:\Users\61169\AppData\Local\JetBrains\IntelliJ IDEA Community Edition 2023.3.6\bin;;C:\Users\61169\AppData\Local\JetBrains\PyCharm Community Edition 2024.1.1\bin;;C:\Users\61169\AppData\Local\Programs\Microsoft VS Code\bin
USERNAME=1000061169
OS=Windows_NT
PROCESSOR_IDENTIFIER=Intel64 Family 6 Model 140 Stepping 1, GenuineIntel
TMP=C:\Users\61169\AppData\Local\Temp
TEMP=C:\Users\61169\AppData\Local\Temp




Periodic native trim disabled

---------------  S Y S T E M  ---------------

OS:
 Windows 11 , 64 bit Build 22621 (10.0.22621.5415)
OS uptime: 3 days 7:19 hours
Hyper-V role detected

CPU: total 8 (initial active 8) (4 cores per cpu, 2 threads per core) family 6 model 140 stepping 1 microcode 0xba, cx8, cmov, fxsr, ht, mmx, 3dnowpref, sse, sse2, sse3, ssse3, sse4.1, sse4.2, popcnt, lzcnt, tsc, tscinvbit, avx, avx2, aes, erms, clmul, bmi1, bmi2, adx, avx512f, avx512dq, avx512cd, avx512bw, avx512vl, sha, fma, vzeroupper, avx512_vpopcntdq, avx512_vpclmulqdq, avx512_vaes, avx512_vnni, clflush, clflushopt, clwb, avx512_vbmi2, avx512_vbmi, hv, rdtscp, rdpid, fsrm, gfni, avx512_bitalg, f16c, cet_ibt, cet_ss, avx512_ifma
Processor Information for all 8 processors :
  Max Mhz: 2419, Current Mhz: 1915, Mhz Limit: 2419

Memory: 4k page, system-wide physical 16112M (930M free)
TotalPageFile size 19016M (AvailPageFile size 64M)
current process WorkingSet (physical memory assigned to process): 155M, peak: 155M
current process commit charge ("private bytes"): 396M, peak: 398M

vm_info: OpenJDK 64-Bit Server VM (22+36-2370) for windows-amd64 JRE (22+36-2370), built on 2024-02-15T22:15:19Z by "mach5one" with MS VC++ 17.6 (VS2022)

END.
